Archive member included to satisfy reference by file (symbol)

./SysLib/MercuryPlat/release/libsystem.a(main_entry.o)
                              (APP_Entry)
./SysLib/MercuryPlat/release/libsystem.a(MercuryCSTD.o)
                              ./SysLib/MercuryPlat/release/libsystem.a(main_entry.o) (MC_SSCANF)
.//build/MainApp/release/lib\libMainApp.a(test_main.o)
                              ./SysLib/MercuryPlat/release/libsystem.a(main_entry.o) (Mercury_Main)
.//build/MainApp/release/lib\libMainApp.a(keypad.o)
                              .//build/MainApp/release/lib\libMainApp.a(test_main.o) (app_get_battery_percent)
.//build/MainApp/release/lib\libMainApp.a(transactions.o)
                              .//build/MainApp/release/lib\libMainApp.a(test_main.o) (Trans_RegisterDevice_Process)
.//build/MainApp/release/lib\libMainApp.a(wifi.o)
                              .//build/MainApp/release/lib\libMainApp.a(test_main.o) (start_connect_network)
.//build/MainApp/release/lib\libMainApp.a(app_system.o)
                              .//build/MainApp/release/lib\libMainApp.a(keypad.o) (CharString2UnicodeString)
.//build/MainApp/release/lib\libMainApp.a(push_msg_parse.o)
                              .//build/MainApp/release/lib\libMainApp.a(keypad.o) (trans_record_play)
.//build/MainApp/release/lib\libMainApp.a(app_config.o)
                              .//build/MainApp/release/lib\libMainApp.a(keypad.o) (appInfoSave)
.//build/MainApp/release/lib\libMainApp.a(connect_mqtt_soundbox_server.o)
                              .//build/MainApp/release/lib\libMainApp.a(keypad.o) (start_bcs_clear_timer)
.//build/MainApp/release/lib\libMainApp.a(24_24_lcd.o)
                              .//build/MainApp/release/lib\libMainApp.a(push_msg_parse.o) (_16_24_zero)
.//build/MainApp/release/lib\libMainApp.a(led.o)
                              .//build/MainApp/release/lib\libMainApp.a(test_main.o) (led_close)
.//build/MainApp/release/lib\libMainApp.a(app_qrcode.o)
                              .//build/MainApp/release/lib\libMainApp.a(push_msg_parse.o) (app_qrcode_cfg_init)
.//build/MainApp/release/lib\libMainApp.a(device.o)
                              .//build/MainApp/release/lib\libMainApp.a(test_main.o) (set_restart_reason)
.//build/MainApp/release/lib\libMainApp.a(app_fota.o)
                              .//build/MainApp/release/lib\libMainApp.a(push_msg_parse.o) (_app_http_reqest2)
.//build/MainApp/release/lib\libMainApp.a(temp.o)
                              .//build/MainApp/release/lib\libMainApp.a(test_main.o) (play_audio_by_name)
.//build/MainApp/release/lib\libMainApp.a(app_audio.o)
                              .//build/MainApp/release/lib\libMainApp.a(keypad.o) (app_get_audio_type)
.//build/MainApp/release/lib\libMainApp.a(global.o)
                              .//build/MainApp/release/lib\libMainApp.a(test_main.o) (apn_list)
.//build/MainApp/release/lib\libMainApp.a(data_parser.o)
                              .//build/MainApp/release/lib\libMainApp.a(push_msg_parse.o) (parseTxnDetails_new)
.//build/MainApp/release/lib\libMainApp.a(app_power.o)
                              .//build/MainApp/release/lib\libMainApp.a(test_main.o) (batlow_poweroff)
.//prebuilts/win32/gcc-arm-none-eabi/lib/gcc/arm-none-eabi/7.2.1\libgcc.a(_divsi3.o)
                              .//build/MainApp/release/lib\libMainApp.a(push_msg_parse.o) (__aeabi_idiv)
.//prebuilts/win32/gcc-arm-none-eabi/lib/gcc/arm-none-eabi/7.2.1\libgcc.a(_dvmd_tls.o)
                              .//prebuilts/win32/gcc-arm-none-eabi/lib/gcc/arm-none-eabi/7.2.1\libgcc.a(_divsi3.o) (__aeabi_idiv0)
./SysLib/MercuryPlat/release/libsystem.a(MercuryAudio.o)
                              .//build/MainApp/release/lib\libMainApp.a(test_main.o) (AudioSetVolume)
./SysLib/MercuryPlat/release/libsystem.a(MercuryBattery.o)
                              .//build/MainApp/release/lib\libMainApp.a(test_main.o) (BatteryGetStatus)
./SysLib/MercuryPlat/release/libsystem.a(MercuryFile.o)
                              .//build/MainApp/release/lib\libMainApp.a(test_main.o) (InitFileSystemPlus)
./SysLib/MercuryPlat/release/libsystem.a(MercuryFota.o)
                              .//build/MainApp/release/lib\libMainApp.a(test_main.o) (QspiFlashInit)
./SysLib/MercuryPlat/release/libsystem.a(MercuryGpio.o)
                              .//build/MainApp/release/lib\libMainApp.a(keypad.o) (GIO_SetMode)
./SysLib/MercuryPlat/release/libsystem.a(MercuryGraphics.o)
                              .//build/MainApp/release/lib\libMainApp.a(app_qrcode.o) (DisplayInit)
./SysLib/MercuryPlat/release/libsystem.a(MercuryKeypad.o)
                              .//build/MainApp/release/lib\libMainApp.a(keypad.o) (KP_Init)
./SysLib/MercuryPlat/release/libsystem.a(MercuryMem.o)
                              .//build/MainApp/release/lib\libMainApp.a(test_main.o) (LocalAlloc)
./SysLib/MercuryPlat/release/libsystem.a(MercuryNLed.o)
[...]
Memory Configuration

Name             Origin             Length             Attributes
flash            0x60330000         0x00100000         xr
ram              0x80f00000         0x00100000         xrw
*default*        0x00000000         0xffffffff

Linker script and memory map

                0x60330180                . = (ORIGIN (flash) + 0x180)
                0x60330180                __boot_start = .

.boot_app_entry
                0x60330180       0x8c
 *(.APP_Entry)
 .APP_Entry     0x60330180       0x8c ./SysLib/MercuryPlat/release/libsystem.a(main_entry.o)
                0x60330180                APP_Entry

.ARM.extab      0x6033020c        0x0
 .ARM.extab     0x6033020c        0x0 .//prebuilts/win32/gcc-arm-none-eabi/lib/gcc/arm-none-eabi/7.2.1\libgcc.a(_udivmoddi4.o)

.ARM.exidx      0x6033020c        0x8
 .ARM.exidx     0x6033020c        0x8 .//prebuilts/win32/gcc-arm-none-eabi/lib/gcc/arm-none-eabi/7.2.1\libgcc.a(_udivmoddi4.o)

.app_text       0x60330220    0x546a0
 *(.text .text .text.* .gnu.linkonce.t.* .rdata .rodata .rodata.* .gnu.linkonce.r.* .glue_7 .glue_7t .vfp11_veneer .v4_bx)
 .glue_7        0x60330220        0x0 linker stubs
 .glue_7t       0x60330220        0x0 linker stubs
 .vfp11_veneer  0x60330220        0x0 linker stubs
 .v4_bx         0x60330220        0x0 linker stubs
 .text          0x60330220        0x0 ./SysLib/MercuryPlat/release/libsystem.a(main_entry.o)
 .text.InitMercuryApiPtr
                0x60330220      0x168 ./SysLib/MercuryPlat/release/libsystem.a(main_entry.o)
 .text.InitFuncPtrFor3rdCrossBuild
                0x60330388       0x3c ./SysLib/MercuryPlat/release/libsystem.a(main_entry.o)
                0x60330388                InitFuncPtrFor3rdCrossBuild
 .text          0x603303c4        0x0 ./SysLib/MercuryPlat/release/libsystem.a(MercuryCSTD.o)
 .text.memcpy   0x603303c4        0xc ./SysLib/MercuryPlat/release/libsystem.a(MercuryCSTD.o)
                0x603303c4                memcpy
 .text.memmove  0x603303d0        0xc ./SysLib/MercuryPlat/release/libsystem.a(MercuryCSTD.o)
                0x603303d0                memmove
 .text.strcpy   0x603303dc        0xc ./SysLib/MercuryPlat/release/libsystem.a(MercuryCSTD.o)
                0x603303dc                strcpy
 .text.strncpy  0x603303e8        0xc ./SysLib/MercuryPlat/release/libsystem.a(MercuryCSTD.o)
                0x603303e8                strncpy
 .text.strcat   0x603303f4        0xc ./SysLib/MercuryPlat/release/libsystem.a(MercuryCSTD.o)
                0x603303f4                strcat
 .text.strncat  0x60330400        0xc ./SysLib/MercuryPlat/release/libsystem.a(MercuryCSTD.o)
                0x60330400                strncat
 .text.memcmp   0x6033040c        0xc ./SysLib/MercuryPlat/release/libsystem.a(MercuryCSTD.o)
                0x6033040c                memcmp
 .text.strcmp   0x60330418        0xc ./SysLib/MercuryPlat/release/libsystem.a(MercuryCSTD.o)
                0x60330418                strcmp
 .text.strncmp  0x60330424        0xc ./SysLib/MercuryPlat/release/libsystem.a(MercuryCSTD.o)
                0x60330424                strncmp
 .text.strcoll  0x60330430        0x4 ./SysLib/MercuryPlat/release/libsystem.a(MercuryCSTD.o)
                0x60330430                strcoll
 .text.strxfrm  0x60330434        0x4 ./SysLib/MercuryPlat/release/libsystem.a(MercuryCSTD.o)
                0x60330434                strxfrm
 .text.memchr   0x60330438        0xc ./SysLib/MercuryPlat/release/libsystem.a(MercuryCSTD.o)
                0x60330438                memchr
 .text.strchr   0x60330444        0xc ./SysLib/MercuryPlat/release/libsystem.a(MercuryCSTD.o)
                0x60330444                strchr
 .text.strcspn  0x60330450        0xc ./SysLib/MercuryPlat/release/libsystem.a(MercuryCSTD.o)
                0x60330450                strcspn
 .text.strpbrk  0x6033045c        0x4 ./SysLib/MercuryPlat/release/libsystem.a(MercuryCSTD.o)
                0x6033045c                strpbrk
 .text.strrchr  0x60330460        0xc ./SysLib/MercuryPlat/release/libsystem.a(MercuryCSTD.o)
                0x60330460                strrchr
 .text.strspn   0x6033046c        0xc ./SysLib/MercuryPlat/release/libsystem.a(MercuryCSTD.o)
                0x6033046c                strspn
 .text.strstr   0x60330478        0xc ./SysLib/MercuryPlat/release/libsystem.a(MercuryCSTD.o)
                0x60330478                strstr
 .text.strtok   0x60330484        0xc ./SysLib/MercuryPlat/release/libsystem.a(MercuryCSTD.o)
                0x60330484                strtok
 .text.memset   0x60330490        0xc ./SysLib/MercuryPlat/release/libsystem.a(MercuryCSTD.o)
                0x60330490                memset
 .text.strerror
                0x6033049c        0xc ./SysLib/MercuryPlat/release/libsystem.a(MercuryCSTD.o)
                0x6033049c                strerror
 .text.strlen   0x603304a8        0xc ./SysLib/MercuryPlat/release/libsystem.a(MercuryCSTD.o)
                0x603304a8                strlen
 .text.isalpha  0x603304b4        0xc ./SysLib/MercuryPlat/release/libsystem.a(MercuryCSTD.o)
                0x603304b4                isalpha
 .text.iscntrl  0x603304c0        0xc ./SysLib/MercuryPlat/release/libsystem.a(MercuryCSTD.o)
                0x603304c0                iscntrl
 .text.isgraph  0x603304cc        0xc ./SysLib/MercuryPlat/release/libsystem.a(MercuryCSTD.o)
                0x603304cc                isgraph
 .text.islower  0x603304d8        0xc ./SysLib/MercuryPlat/release/libsystem.a(MercuryCSTD.o)
                0x603304d8                islower
 .text.isprint  0x603304e4        0xc ./SysLib/MercuryPlat/release/libsystem.a(MercuryCSTD.o)
                0x603304e4                isprint
 .text.ispunct  0x603304f0        0xc ./SysLib/MercuryPlat/release/libsystem.a(MercuryCSTD.o)
                0x603304f0                ispunct
 .text.isspace  0x603304fc        0xc ./SysLib/MercuryPlat/release/libsystem.a(MercuryCSTD.o)
                0x603304fc                isspace
 .text.isupper  0x60330508        0xc ./SysLib/MercuryPlat/release/libsystem.a(MercuryCSTD.o)
                0x60330508                isupper
 .text.isxdigit
                0x60330514        0xc ./SysLib/MercuryPlat/release/libsystem.a(MercuryCSTD.o)
                0x60330514                isxdigit
 .text.tolower  0x60330520        0xc ./SysLib/MercuryPlat/release/libsystem.a(MercuryCSTD.o)
                0x60330520                tolower
 .text.toupper  0x6033052c        0xc ./SysLib/MercuryPlat/release/libsystem.a(MercuryCSTD.o)
                0x6033052c                toupper
 .text.atoi     0x60330538        0xc ./SysLib/MercuryPlat/release/libsystem.a(MercuryCSTD.o)
                0x60330538                atoi
 .text.atol     0x60330544        0xc ./SysLib/MercuryPlat/release/libsystem.a(MercuryCSTD.o)
                0x60330544                atol
 .text.strtol   0x60330550       0x10 ./SysLib/MercuryPlat/release/libsystem.a(MercuryCSTD.o)
                0x60330550                strtol
 .text.strtoul  0x60330560       0x10 ./SysLib/MercuryPlat/release/libsystem.a(MercuryCSTD.o)
                0x60330560                strtoul
 .text.rand     0x60330570       0x10 ./SysLib/MercuryPlat/release/libsystem.a(MercuryCSTD.o)
                0x60330570                rand
 .text.srand    0x60330580       0x10 ./SysLib/MercuryPlat/release/libsystem.a(MercuryCSTD.o)
                0x60330580                srand
 .text.qsort    0x60330590       0x18 ./SysLib/MercuryPlat/release/libsystem.a(MercuryCSTD.o)
                0x60330590                qsort
 .text.abs      0x603305a8       0x10 ./SysLib/MercuryPlat/release/libsystem.a(MercuryCSTD.o)
                0x603305a8                abs
 .text.vsprintf
                0x603305b8       0x10 ./SysLib/MercuryPlat/release/libsystem.a(MercuryCSTD.o)
                0x603305b8                vsprintf
 .text.vsnprintf
                0x603305c8       0x18 ./SysLib/MercuryPlat/release/libsystem.a(MercuryCSTD.o)
                0x603305c8                vsnprintf
 .text.mktime   0x603305e0       0x10 ./SysLib/MercuryPlat/release/libsystem.a(MercuryCSTD.o)
                0x603305e0                mktime
 .text.vsscanf  0x603305f0        0xc ./SysLib/MercuryPlat/release/libsystem.a(MercuryCSTD.o)
                0x603305f0                vsscanf
 .text.floor    0x603305fc       0x10 ./SysLib/MercuryPlat/release/libsystem.a(MercuryCSTD.o)
                0x603305fc                floor
 .text.pow      0x6033060c       0x10 ./SysLib/MercuryPlat/release/libsystem.a(MercuryCSTD.o)
                0x6033060c                pow
 .text.fabs     0x6033061c       0x10 ./SysLib/MercuryPlat/release/libsystem.a(MercuryCSTD.o)
                0x6033061c                fabs
 .text.strtod   0x6033062c        0xc ./SysLib/MercuryPlat/release/libsystem.a(MercuryCSTD.o)
                0x6033062c                strtod
 .text.strtof   0x60330638        0xc ./SysLib/MercuryPlat/release/libsystem.a(MercuryCSTD.o)
                0x60330638                strtof
 .text.atof     0x60330644       0x10 ./SysLib/MercuryPlat/release/libsystem.a(MercuryCSTD.o)
                0x60330644                atof
 .text.sin      0x60330654       0x10 ./SysLib/MercuryPlat/release/libsystem.a(MercuryCSTD.o)
                0x60330654                sin
 .text.cos      0x60330664       0x10 ./SysLib/MercuryPlat/release/libsystem.a(MercuryCSTD.o)
                0x60330664                cos
 .text.asin     0x60330674       0x10 ./SysLib/MercuryPlat/release/libsystem.a(MercuryCSTD.o)
                0x60330674                asin
 .text.acos     0x60330684       0x10 ./SysLib/MercuryPlat/release/libsystem.a(MercuryCSTD.o)
                0x60330684                acos
 .text.sqrt     0x60330694       0x10 ./SysLib/MercuryPlat/release/libsystem.a(MercuryCSTD.o)
                0x60330694                sqrt
 .text          0x603306a4        0x0 .//build/MainApp/release/lib\libMainApp.a(test_main.o)
 .text.connect_gprs_network
                0x603306a4       0xe0 .//build/MainApp/release/lib\libMainApp.a(test_main.o)
                0x603306a4                connect_gprs_network
 .text.noework_icon_maintenance_thread
                0x60330784       0x94 .//build/MainApp/release/lib\libMainApp.a(test_main.o)
                0x60330784                noework_icon_maintenance_thread
 .text.battery_icon_thread
                0x60330818       0x4e .//build/MainApp/release/lib\libMainApp.a(test_main.o)
                0x60330818                battery_icon_thread
 *fill*         0x60330866        0x2 
 .text.set_network
                0x60330868       0x5c .//build/MainApp/release/lib\libMainApp.a(test_main.o)
                0x60330868                set_network
 .text.connect_wifi_network
                0x603308c4       0x44 .//build/MainApp/release/lib\libMainApp.a(test_main.o)
                0x603308c4                connect_wifi_network
 .text.app_play_power_audio
                0x60330908       0x72 .//build/MainApp/release/lib\libMainApp.a(test_main.o)
                0x60330908                app_play_power_audio
 *fill*         0x6033097a        0x2 
 .text.boot_mode_init
                0x6033097c      0x164 .//build/MainApp/release/lib\libMainApp.a(test_main.o)
                0x6033097c                boot_mode_init
 .text.app_set_tts_param
                0x60330ae0       0x14 .//build/MainApp/release/lib\libMainApp.a(test_main.o)
                0x60330ae0                app_set_tts_param
 .text.appInfoInit
                0x60330af4       0x30 .//build/MainApp/release/lib\libMainApp.a(test_main.o)
                0x60330af4                appInfoInit
 .text.Mercury_Main
                0x60330b24      0x22c .//build/MainApp/release/lib\libMainApp.a(test_main.o)
                0x60330b24                Mercury_Main
 .rodata.Mercury_Main.str1.1
                0x60330d50       0x4c .//build/MainApp/release/lib\libMainApp.a(test_main.o)
                                 0x50 (size before relaxing)
 .rodata.boot_mode_init.str1.1
                0x60330d9c       0xcc .//build/MainApp/release/lib\libMainApp.a(test_main.o)
 .rodata.connect_gprs_network.str1.1
                0x60330e68       0x1f .//build/MainApp/release/lib\libMainApp.a(test_main.o)
 .rodata.connect_wifi_network.str1.1
                0x60330e87        0x9 .//build/MainApp/release/lib\libMainApp.a(test_main.o)
 .rodata.noework_icon_maintenance_thread.str1.1
                0x60330e90        0x8 .//build/MainApp/release/lib\libMainApp.a(test_main.o)
 .text          0x60330e98        0x0 .//build/MainApp/release/lib\libMainApp.a(keypad.o)
 .text.volume_down_double_press
                0x60330e98        0x2 .//build/MainApp/release/lib\libMainApp.a(keypad.o)
 *fill*         0x60330e9a        0x2 
 .text.app_replay_mode_cb
                0x60330e9c       0x18 .//build/MainApp/release/lib\libMainApp.a(keypad.o)
 .text.volume_up_long_press
                0x60330eb4       0x48 .//build/MainApp/release/lib\libMainApp.a(keypad.o)
 .text.replay_long_press
                0x60330efc       0x40 .//build/MainApp/release/lib\libMainApp.a(keypad.o)
 .text.replay_short_press
                0x60330f3c       0x38 .//build/MainApp/release/lib\libMainApp.a(keypad.o)
 .text.keypad_scan_thread
                0x60330f74        0x8 .//build/MainApp/release/lib\libMainApp.a(keypad.o)
                0x60330f74                keypad_scan_thread
 .text.volume_up_double_press
                0x60330f7c       0x88 .//build/MainApp/release/lib\libMainApp.a(keypad.o)
 .text.replay_double_press
                0x60331004       0x6c .//build/MainApp/release/lib\libMainApp.a(keypad.o)
 .text.get_audio_file_data
                0x60331070       0x7c .//build/MainApp/release/lib\libMainApp.a(keypad.o)
                0x60331070                get_audio_file_data
 .text.get_amr_data_from_list
                0x603310ec       0x4e .//build/MainApp/release/lib\libMainApp.a(keypad.o)
                0x603310ec                get_amr_data_from_list
 .text.get_str_from_list_also_broadcast
                0x6033113a       0x1a .//build/MainApp/release/lib\libMainApp.a(keypad.o)
                0x6033113a                get_str_from_list_also_broadcast
 .text.play_network_mode
                0x60331154       0x28 .//build/MainApp/release/lib\libMainApp.a(keypad.o)
                0x60331154                play_network_mode
 .text.play_notification_sound
                0x6033117c       0x20 .//build/MainApp/release/lib\libMainApp.a(keypad.o)
                0x6033117c                play_notification_sound
 .text._is_USB_online
                0x6033119c       0x2c .//build/MainApp/release/lib\libMainApp.a(keypad.o)
                0x6033119c                _is_USB_online
 .text.app_get_battery_percent
                0x603311c8       0x58 .//build/MainApp/release/lib\libMainApp.a(keypad.o)
                0x603311c8                app_get_battery_percent
 .text.play_battery_percent
                0x60331220       0x5c .//build/MainApp/release/lib\libMainApp.a(keypad.o)
                0x60331220                play_battery_percent
 .text.play_network_riss
                0x6033127c       0x44 .//build/MainApp/release/lib\libMainApp.a(keypad.o)
                0x6033127c                play_network_riss
 .text.audio_file_open
                0x603312c0       0x7a .//build/MainApp/release/lib\libMainApp.a(keypad.o)
                0x603312c0                audio_file_open
 *fill*         0x6033133a        0x2 
 .text.powerkey_shortpress_callback
                0x6033133c       0x34 .//build/MainApp/release/lib\libMainApp.a(keypad.o)
                0x6033133c                powerkey_shortpress_callback
 .text.powerkey_longpress_callback
                0x60331370       0xb0 .//build/MainApp/release/lib\libMainApp.a(keypad.o)
                0x60331370                powerkey_longpress_callback
 .text.replay_timer_reset
                0x60331420       0x30 .//build/MainApp/release/lib\libMainApp.a(keypad.o)
                0x60331420                replay_timer_reset
 .text.appSetGpioOutput
                0x60331450       0x28 .//build/MainApp/release/lib\libMainApp.a(keypad.o)
                0x60331450                appSetGpioOutput
 .text.wifi_power_off_af
                0x60331478       0x2a .//build/MainApp/release/lib\libMainApp.a(keypad.o)
                0x60331478                wifi_power_off_af
 *fill*         0x603314a2        0x2 
 .text.volume_down_short_press
                0x603314a4       0xd4 .//build/MainApp/release/lib\libMainApp.a(keypad.o)
 .text.wifi_power_on_af
                0x60331578       0x16 .//build/MainApp/release/lib\libMainApp.a(keypad.o)
                0x60331578                wifi_power_on_af
 *fill*         0x6033158e        0x2 
 .text.volume_down_long_press
                0x60331590       0xd0 .//build/MainApp/release/lib\libMainApp.a(keypad.o)
 .text.volume_up_short_press
                0x60331660       0xac .//build/MainApp/release/lib\libMainApp.a(keypad.o)
 .text._KeyPadProc
                0x6033170c       0x84 .//build/MainApp/release/lib\libMainApp.a(keypad.o)
 .text.save_device_debug_info_to_nv
                0x60331790       0x4a .//build/MainApp/release/lib\libMainApp.a(keypad.o)
                0x60331790                save_device_debug_info_to_nv
 *fill*         0x603317da        0x2 
 .text.keypad_init_matrix
                0x603317dc       0x1c .//build/MainApp/release/lib\libMainApp.a(keypad.o)
                0x603317dc                keypad_init_matrix
 .text.keypad_init_io
                0x603317f8       0xa0 .//build/MainApp/release/lib\libMainApp.a(keypad.o)
                0x603317f8                keypad_init_io
 .rodata.amr_didi
                0x60331898      0x126 .//build/MainApp/release/lib\libMainApp.a(keypad.o)
                0x60331898                amr_didi
 .rodata.keypad_init_io.str1.1
                0x603319be       0x2c .//build/MainApp/release/lib\libMainApp.a(keypad.o)
 .rodata.play_battery_percent.str1.1
                0x603319ea       0x1e .//build/MainApp/release/lib\libMainApp.a(keypad.o)
 .rodata.play_network_mode.str1.1
                0x60331a08       0x11 .//build/MainApp/release/lib\libMainApp.a(keypad.o)
 .rodata.play_network_riss.str1.1
                0x60331a19        0xa .//build/MainApp/release/lib\libMainApp.a(keypad.o)
 .rodata.powerkey_longpress_callback.str1.1
                0x60331a23        0x8 .//build/MainApp/release/lib\libMainApp.a(keypad.o)
 .rodata.replay_double_press.str1.1
                0x60331a2b       0x12 .//build/MainApp/release/lib\libMainApp.a(keypad.o)
 .rodata.replay_long_press.str1.1
                0x60331a3d        0xa .//build/MainApp/release/lib\libMainApp.a(keypad.o)
 .rodata.volume_down_long_press.str1.1
                0x60331a47       0x14 .//build/MainApp/release/lib\libMainApp.a(keypad.o)
 .rodata.volume_down_short_press.str1.1
                0x60331a5b        0x5 .//build/MainApp/release/lib\libMainApp.a(keypad.o)
 .rodata.volume_up_double_press.str1.1
                0x60331a60        0xf .//build/MainApp/release/lib\libMainApp.a(keypad.o)
 .rodata.volume_up_short_press.str1.1
                0x60331a6f        0x5 .//build/MainApp/release/lib\libMainApp.a(keypad.o)
 .text          0x60331a74        0x0 .//build/MainApp/release/lib\libMainApp.a(transactions.o)
 .text.Trans_RegisterDevice_Process
                0x60331a74       0x90 .//build/MainApp/release/lib\libMainApp.a(transactions.o)
                0x60331a74                Trans_RegisterDevice_Process
 .rodata.Trans_RegisterDevice_Process.str1.1
                0x60331b04       0x57 .//build/MainApp/release/lib\libMainApp.a(transactions.o)
 .text          0x60331b5b        0x0 .//build/MainApp/release/lib\libMainApp.a(wifi.o)
 *fill*         0x60331b5b        0x1 
 .text.connectCallback
                0x60331b5c       0x52 .//build/MainApp/release/lib\libMainApp.a(wifi.o)
                0x60331b5c                connectCallback
 *fill*         0x60331bae        0x2 
 .text.start_connect_network
                0x60331bb0       0x74 .//build/MainApp/release/lib\libMainApp.a(wifi.o)
                0x60331bb0                start_connect_network
 .text.ap_connect_network
                0x60331c24       0xc0 .//build/MainApp/release/lib\libMainApp.a(wifi.o)
                0x60331c24                ap_connect_network
 .text.ap_network_thread
                0x60331ce4       0x10 .//build/MainApp/release/lib\libMainApp.a(wifi.o)
                0x60331ce4                ap_network_thread
 .text.airkiss_connect_network
                0x60331cf4       0x70 .//build/MainApp/release/lib\libMainApp.a(wifi.o)
                0x60331cf4                airkiss_connect_network
 .text.airkiss_network_thread
                0x60331d64       0x10 .//build/MainApp/release/lib\libMainApp.a(wifi.o)
                0x60331d64                airkiss_network_thread
 .text.ap_and_airkiss_wifi_connect
                0x60331d74       0xbc .//build/MainApp/release/lib\libMainApp.a(wifi.o)
                0x60331d74                ap_and_airkiss_wifi_connect
 .rodata.airkiss_connect_network.str1.1
                0x60331e30        0xb .//build/MainApp/release/lib\libMainApp.a(wifi.o)
 .rodata.ap_and_airkiss_wifi_connect.str1.1
                0x60331e3b        0xa .//build/MainApp/release/lib\libMainApp.a(wifi.o)
                                 0x13 (size before relaxing)
 .rodata.ap_connect_network.str1.1
                0x60331e45       0x12 .//build/MainApp/release/lib\libMainApp.a(wifi.o)
                                 0x15 (size before relaxing)
 .rodata.start_connect_network.str1.1
                0x60331e57       0x16 .//build/MainApp/release/lib\libMainApp.a(wifi.o)
 .text          0x60331e6d        0x0 .//build/MainApp/release/lib\libMainApp.a(app_system.o)
 *fill*         0x60331e6d        0x1 
 .text.Dbg_dump
                0x60331e6e        0x2 .//build/MainApp/release/lib\libMainApp.a(app_system.o)
                0x60331e6e                Dbg_dump
 .text.CharString2UnicodeString
                0x60331e70       0x2c .//build/MainApp/release/lib\libMainApp.a(app_system.o)
                0x60331e70                CharString2UnicodeString
 .text.app_hex2str
                0x60331e9c       0x30 .//build/MainApp/release/lib\libMainApp.a(app_system.o)
                0x60331e9c                app_hex2str
 .rodata.app_hex2str.str1.1
                0x60331ecc       0x11 .//build/MainApp/release/lib\libMainApp.a(app_system.o)
 .text          0x60331edd        0x0 .//build/MainApp/release/lib\libMainApp.a(push_msg_parse.o)
 *fill*         0x60331edd        0x3 
 .text._json_cfg_server
                0x60331ee0       0x68 .//build/MainApp/release/lib\libMainApp.a(push_msg_parse.o)
                0x60331ee0                _json_cfg_server
 .text._json_qr_code
                0x60331f48       0x74 .//build/MainApp/release/lib\libMainApp.a(push_msg_parse.o)
                0x60331f48                _json_qr_code
 .text._app_config_audio_template_parse
                0x60331fbc       0xd8 .//build/MainApp/release/lib\libMainApp.a(push_msg_parse.o)
 .text._app_config_power_parse
                0x60332094       0xe8 .//build/MainApp/release/lib\libMainApp.a(push_msg_parse.o)
 .text._app_add_result_list
                0x6033217c       0x24 .//build/MainApp/release/lib\libMainApp.a(push_msg_parse.o)
 .text._json_ota_proc
                0x603321a0       0x2c .//build/MainApp/release/lib\libMainApp.a(push_msg_parse.o)
                0x603321a0                _json_ota_proc
 .text._json_dev_control
                0x603321cc       0x3c .//build/MainApp/release/lib\libMainApp.a(push_msg_parse.o)
                0x603321cc                _json_dev_control
 .text._sdk_voiceplay
                0x60332208        0x4 .//build/MainApp/release/lib\libMainApp.a(push_msg_parse.o)
                0x60332208                _sdk_voiceplay
 .text.amount_replay
                0x6033220c        0x2 .//build/MainApp/release/lib\libMainApp.a(push_msg_parse.o)
                0x6033220c                amount_replay
 *fill*         0x6033220e        0x2 
 .text._getThreadStatus
                0x60332210       0xe0 .//build/MainApp/release/lib\libMainApp.a(push_msg_parse.o)
                0x60332210                _getThreadStatus
 .text._getHeapStack
                0x603322f0       0x44 .//build/MainApp/release/lib\libMainApp.a(push_msg_parse.o)
                0x603322f0                _getHeapStack
 .text._postDeviceInfo
                0x60332334      0x124 .//build/MainApp/release/lib\libMainApp.a(push_msg_parse.o)
                0x60332334                _postDeviceInfo
 .text._get_number
                0x60332458       0x52 .//build/MainApp/release/lib\libMainApp.a(push_msg_parse.o)
                0x60332458                _get_number
 .text.play_amount_decimals_audio
                0x603324aa        0x2 .//build/MainApp/release/lib\libMainApp.a(push_msg_parse.o)
                0x603324aa                play_amount_decimals_audio
 .text.play_amonut_decimals_audio_index
                0x603324ac        0x2 .//build/MainApp/release/lib\libMainApp.a(push_msg_parse.o)
                0x603324ac                play_amonut_decimals_audio_index
 *fill*         0x603324ae        0x2 
 .text.play_amount_decimals
                0x603324b0       0x5c .//build/MainApp/release/lib\libMainApp.a(push_msg_parse.o)
                0x603324b0                play_amount_decimals
 .text._json_get_template_str
                0x6033250c       0xc8 .//build/MainApp/release/lib\libMainApp.a(push_msg_parse.o)
                0x6033250c                _json_get_template_str
 .text._json_discount
                0x603325d4       0x88 .//build/MainApp/release/lib\libMainApp.a(push_msg_parse.o)
                0x603325d4                _json_discount
 .text._json_auth_code
                0x6033265c       0xc0 .//build/MainApp/release/lib\libMainApp.a(push_msg_parse.o)
                0x6033265c                _json_auth_code
 .text.trans_record_write
                0x6033271c       0x4c .//build/MainApp/release/lib\libMainApp.a(push_msg_parse.o)
                0x6033271c                trans_record_write
 .text._json_voice_trans1
                0x60332768      0x11c .//build/MainApp/release/lib\libMainApp.a(push_msg_parse.o)
                0x60332768                _json_voice_trans1
 .text._json_voice_trans2
                0x60332884       0x98 .//build/MainApp/release/lib\libMainApp.a(push_msg_parse.o)
                0x60332884                _json_voice_trans2
 *fill*         0x6033291c        0x4 
 .text._json_voice_trans3
                0x60332920      0x13c .//build/MainApp/release/lib\libMainApp.a(push_msg_parse.o)
                0x60332920                _json_voice_trans3
 .text.trans_record_play
                0x60332a5c       0xe4 .//build/MainApp/release/lib\libMainApp.a(push_msg_parse.o)
                0x60332a5c                trans_record_play
 .text.app_save_trans_record
                0x60332b40       0x20 .//build/MainApp/release/lib\libMainApp.a(push_msg_parse.o)
                0x60332b40                app_save_trans_record
 .text.app_load_trans_record
                0x60332b60       0x14 .//build/MainApp/release/lib\libMainApp.a(push_msg_parse.o)
                0x60332b60                app_load_trans_record
 .text.char2int
                0x60332b74       0x28 .//build/MainApp/release/lib\libMainApp.a(push_msg_parse.o)
                0x60332b74                char2int
 .text.str2hex  0x60332b9c       0x3a .//build/MainApp/release/lib\libMainApp.a(push_msg_parse.o)
                0x60332b9c                str2hex
 *fill*         0x60332bd6        0x2 
 .text._json_customize_proc
                0x60332bd8       0x78 .//build/MainApp/release/lib\libMainApp.a(push_msg_parse.o)
                0x60332bd8                _json_customize_proc
 .text._config_qr_code_params
                0x60332c50       0x68 .//build/MainApp/release/lib\libMainApp.a(push_msg_parse.o)
                0x60332c50                _config_qr_code_params
 .text._json_cfg_dyn
                0x60332cb8       0x74 .//build/MainApp/release/lib\libMainApp.a(push_msg_parse.o)
                0x60332cb8                _json_cfg_dyn
 .text._lcd_set_matrix
                0x60332d2c       0xf8 .//build/MainApp/release/lib\libMainApp.a(push_msg_parse.o)
                0x60332d2c                _lcd_set_matrix
 .text._get_divisor
                0x60332e24       0x14 .//build/MainApp/release/lib\libMainApp.a(push_msg_parse.o)
                0x60332e24                _get_divisor
 .text._display_bitmap
                0x60332e38       0x76 .//build/MainApp/release/lib\libMainApp.a(push_msg_parse.o)
                0x60332e38                _display_bitmap
 *fill*         0x60332eae        0x2 
 .text.qyy_mqtt_parse_payload
                0x60332eb0       0xbc .//build/MainApp/release/lib\libMainApp.a(push_msg_parse.o)
                0x60332eb0                qyy_mqtt_parse_payload
 .text._app_config_mqtt_parse
                0x60332f6c      0x120 .//build/MainApp/release/lib\libMainApp.a(push_msg_parse.o)
                0x60332f6c                _app_config_mqtt_parse
 .text._app_config_rsp_parse
                0x6033308c      0x494 .//build/MainApp/release/lib\libMainApp.a(push_msg_parse.o)
 .text.get_dev_config_info
                0x60333520      0x170 .//build/MainApp/release/lib\libMainApp.a(push_msg_parse.o)
                0x60333520                get_dev_config_info
 .text.report_update_result
                0x60333690      0x10c .//build/MainApp/release/lib\libMainApp.a(push_msg_parse.o)
                0x60333690                report_update_result
 .text.report_cfg_update_result
                0x6033379c       0xf8 .//build/MainApp/release/lib\libMainApp.a(push_msg_parse.o)
                0x6033379c                report_cfg_update_result
 .rodata._app_config_audio_template_parse.str1.1
                0x60333894       0x19 .//build/MainApp/release/lib\libMainApp.a(push_msg_parse.o)
                                 0x1e (size before relaxing)
 .rodata._app_config_mqtt_parse.str1.1
                0x603338ad       0x5c .//build/MainApp/release/lib\libMainApp.a(push_msg_parse.o)
 .rodata._app_config_power_parse.str1.1
                0x60333909        0xa .//build/MainApp/release/lib\libMainApp.a(push_msg_parse.o)
 .rodata._app_config_rsp_parse.str1.1
                0x60333913      0x113 .//build/MainApp/release/lib\libMainApp.a(push_msg_parse.o)
                                0x12c (size before relaxing)
 .rodata._config_qr_code_params.str1.1
                0x60333a26       0x13 .//build/MainApp/release/lib\libMainApp.a(push_msg_parse.o)
 .rodata._getHeapStack.str1.1
                0x60333a39       0x13 .//build/MainApp/release/lib\libMainApp.a(push_msg_parse.o)
 .rodata._getThreadStatus.str1.1
                0x60333a4c       0x28 .//build/MainApp/release/lib\libMainApp.a(push_msg_parse.o)
                                 0x30 (size before relaxing)
 .rodata._json_auth_code.str1.1
                0x60333a74       0x2e .//build/MainApp/release/lib\libMainApp.a(push_msg_parse.o)
 .rodata._json_cfg_dyn.str1.1
                0x60333aa2       0x22 .//build/MainApp/release/lib\libMainApp.a(push_msg_parse.o)
 .rodata._json_cfg_server.str1.1
                0x60333ac4       0x24 .//build/MainApp/release/lib\libMainApp.a(push_msg_parse.o)
 .rodata._json_customize_proc.str1.1
                0x60333ae8        0xd .//build/MainApp/release/lib\libMainApp.a(push_msg_parse.o)
 .rodata._json_dev_control.str1.1
                0x60333af5        0xc .//build/MainApp/release/lib\libMainApp.a(push_msg_parse.o)
 .rodata._json_discount.str1.1
                0x60333b01       0x32 .//build/MainApp/release/lib\libMainApp.a(push_msg_parse.o)
 .rodata._json_ota_proc.str1.1
                0x60333b33        0x9 .//build/MainApp/release/lib\libMainApp.a(push_msg_parse.o)
 .rodata._json_qr_code.str1.1
                0x60333b3c       0x24 .//build/MainApp/release/lib\libMainApp.a(push_msg_parse.o)
                                 0x2b (size before relaxing)
 .rodata._json_voice_trans1.str1.1
                0x60333b60       0x1e .//build/MainApp/release/lib\libMainApp.a(push_msg_parse.o)
 .rodata._json_voice_trans2.str1.1
                0x60333b7e        0xf .//build/MainApp/release/lib\libMainApp.a(push_msg_parse.o)
                                 0x14 (size before relaxing)
 .rodata._json_voice_trans3.str1.1
                0x60333b8d       0x25 .//build/MainApp/release/lib\libMainApp.a(push_msg_parse.o)
 .rodata._postDeviceInfo.str1.1
                0x60333bb2       0x7e .//build/MainApp/release/lib\libMainApp.a(push_msg_parse.o)
                                 0x8f (size before relaxing)
 .rodata.g_msg_tbl
                0x60333c30       0x68 .//build/MainApp/release/lib\libMainApp.a(push_msg_parse.o)
 .rodata.get_dev_config_info.str1.1
                0x60333c98       0x6b .//build/MainApp/release/lib\libMainApp.a(push_msg_parse.o)
                                 0x72 (size before relaxing)
 .rodata.play_amount_decimals.str1.1
                0x60333d03       0x6b .//build/MainApp/release/lib\libMainApp.a(push_msg_parse.o)
                                  0xa (size before relaxing)
 .rodata.qyy_mqtt_parse_payload.str1.1
                0x60333d03        0x9 .//build/MainApp/release/lib\libMainApp.a(push_msg_parse.o)
                                 0x18 (size before relaxing)
 .rodata.report_cfg_update_result.str1.1
                0x60333d0c       0x54 .//build/MainApp/release/lib\libMainApp.a(push_msg_parse.o)
 .rodata.report_update_result.str1.1
                0x60333d60       0x27 .//build/MainApp/release/lib\libMainApp.a(push_msg_parse.o)
                                 0x35 (size before relaxing)
 .rodata.trans_record_play.str1.1
                0x60333d87       0x27 .//build/MainApp/release/lib\libMainApp.a(push_msg_parse.o)
                                  0x6 (size before relaxing)
 .text          0x60333d87        0x0 .//build/MainApp/release/lib\libMainApp.a(app_config.o)
 *fill*         0x60333d87        0x1 
 .text.getAppInfo
                0x60333d88        0xc .//build/MainApp/release/lib\libMainApp.a(app_config.o)
                0x60333d88                getAppInfo
 .text.appInfoSave
                0x60333d94       0x20 .//build/MainApp/release/lib\libMainApp.a(app_config.o)
                0x60333d94                appInfoSave
 .text.appInfoLoad
                0x60333db4       0x34 .//build/MainApp/release/lib\libMainApp.a(app_config.o)
                0x60333db4                appInfoLoad
 .text.appInfoUpdate
                0x60333de8       0x18 .//build/MainApp/release/lib\libMainApp.a(app_config.o)
                0x60333de8                appInfoUpdate
 .text.app_IsExistExFlash
                0x60333e00        0xc .//build/MainApp/release/lib\libMainApp.a(app_config.o)
                0x60333e00                app_IsExistExFlash
 .text.app_GetExFlashCapacity
                0x60333e0c       0x10 .//build/MainApp/release/lib\libMainApp.a(app_config.o)
                0x60333e0c                app_GetExFlashCapacity
 .text.app_SetExFlash
                0x60333e1c       0x10 .//build/MainApp/release/lib\libMainApp.a(app_config.o)
                0x60333e1c                app_SetExFlash
 .text.app_IsExistWifi
                0x60333e2c        0xc .//build/MainApp/release/lib\libMainApp.a(app_config.o)
                0x60333e2c                app_IsExistWifi
 .text.app_SetExistWifi
                0x60333e38        0xc .//build/MainApp/release/lib\libMainApp.a(app_config.o)
                0x60333e38                app_SetExistWifi
 .text.app_GetVolume
                0x60333e44        0xc .//build/MainApp/release/lib\libMainApp.a(app_config.o)
                0x60333e44                app_GetVolume
 .text.app_SetVolume
                0x60333e50        0xc .//build/MainApp/release/lib\libMainApp.a(app_config.o)
                0x60333e50                app_SetVolume
 .text.app_GetAudioType
                0x60333e5c        0xc .//build/MainApp/release/lib\libMainApp.a(app_config.o)
                0x60333e5c                app_GetAudioType
 .text.app_SetAudioType
                0x60333e68        0xc .//build/MainApp/release/lib\libMainApp.a(app_config.o)
                0x60333e68                app_SetAudioType
 .text.app_GetAppVersion
                0x60333e74        0x8 .//build/MainApp/release/lib\libMainApp.a(app_config.o)
                0x60333e74                app_GetAppVersion
 .text.app_SetAppVersion
                0x60333e7c       0x18 .//build/MainApp/release/lib\libMainApp.a(app_config.o)
                0x60333e7c                app_SetAppVersion
 .text.app_GetBuildVersion
                0x60333e94        0xc .//build/MainApp/release/lib\libMainApp.a(app_config.o)
                0x60333e94                app_GetBuildVersion
 .text.app_SetBuildVersion
                0x60333ea0        0xc .//build/MainApp/release/lib\libMainApp.a(app_config.o)
                0x60333ea0                app_SetBuildVersion
 .text          0x60333eac        0x0 .//build/MainApp/release/lib\libMainApp.a(connect_mqtt_soundbox_server.o)
 .text.bcs_clear_timer_cb
                0x60333eac       0x24 .//build/MainApp/release/lib\libMainApp.a(connect_mqtt_soundbox_server.o)
 .text.app_mqtt_soundbox_get_handle
                0x60333ed0        0xc .//build/MainApp/release/lib\libMainApp.a(connect_mqtt_soundbox_server.o)
                0x60333ed0                app_mqtt_soundbox_get_handle
 .text.reget_mqtt_soundbox_info
                0x60333edc       0x18 .//build/MainApp/release/lib\libMainApp.a(connect_mqtt_soundbox_server.o)
                0x60333edc                reget_mqtt_soundbox_info
 .text.bcs_clear_timer_reset
                0x60333ef4       0x30 .//build/MainApp/release/lib\libMainApp.a(connect_mqtt_soundbox_server.o)
                0x60333ef4                bcs_clear_timer_reset
 .text.start_bcs_clear_timer
                0x60333f24       0x40 .//build/MainApp/release/lib\libMainApp.a(connect_mqtt_soundbox_server.o)
                0x60333f24                start_bcs_clear_timer
 .text.message_callback_soundbox
                0x60333f64       0xc0 .//build/MainApp/release/lib\libMainApp.a(connect_mqtt_soundbox_server.o)
                0x60333f64                message_callback_soundbox
 .text.message_callback_soundbox_p2p
                0x60334024        0x2 .//build/MainApp/release/lib\libMainApp.a(connect_mqtt_soundbox_server.o)
                0x60334024                message_callback_soundbox_p2p
 .text.app_mqtt_soundbox_publish
                0x60334026        0x8 .//build/MainApp/release/lib\libMainApp.a(connect_mqtt_soundbox_server.o)
                0x60334026                app_mqtt_soundbox_publish
 .text.app_mqtt_soundbox_subcribe
                0x6033402e        0x8 .//build/MainApp/release/lib\libMainApp.a(connect_mqtt_soundbox_server.o)
                0x6033402e                app_mqtt_soundbox_subcribe
 *fill*         0x60334036        0x2 
 .text.app_mqtt_soundbox_connect
                0x60334038       0xd8 .//build/MainApp/release/lib\libMainApp.a(connect_mqtt_soundbox_server.o)
                0x60334038                app_mqtt_soundbox_connect
 .text.app_publish_soundbox_message
                0x60334110      0x104 .//build/MainApp/release/lib\libMainApp.a(connect_mqtt_soundbox_server.o)
                0x60334110                app_publish_soundbox_message
 .text.mqtt_soundbox_processing
                0x60334214       0xf4 .//build/MainApp/release/lib\libMainApp.a(connect_mqtt_soundbox_server.o)
                0x60334214                mqtt_soundbox_processing
 .text.set_soundbox_network_success_event
                0x60334308        0xc .//build/MainApp/release/lib\libMainApp.a(connect_mqtt_soundbox_server.o)
                0x60334308                set_soundbox_network_success_event
 .text.mqtt_soundbox_lost_callback
                0x60334314       0x10 .//build/MainApp/release/lib\libMainApp.a(connect_mqtt_soundbox_server.o)
                0x60334314                mqtt_soundbox_lost_callback
 .text.is_soundbox_network_connected
                0x60334324       0x3c .//build/MainApp/release/lib\libMainApp.a(connect_mqtt_soundbox_server.o)
                0x60334324                is_soundbox_network_connected
 .text.mqtt_soundbox_close_thread
                0x60334360        0xc .//build/MainApp/release/lib\libMainApp.a(connect_mqtt_soundbox_server.o)
                0x60334360                mqtt_soundbox_close_thread
 .text.mqtt_soundbox_thread
                0x6033436c       0x5c .//build/MainApp/release/lib\libMainApp.a(connect_mqtt_soundbox_server.o)
                0x6033436c                mqtt_soundbox_thread
 .rodata        0x603343c8        0xc .//build/MainApp/release/lib\libMainApp.a(connect_mqtt_soundbox_server.o)
 .rodata.app_mqtt_soundbox_connect.str1.1
                0x603343d4        0xd .//build/MainApp/release/lib\libMainApp.a(connect_mqtt_soundbox_server.o)
 .rodata.app_publish_soundbox_message.str1.1
                0x603343e1       0x12 .//build/MainApp/release/lib\libMainApp.a(connect_mqtt_soundbox_server.o)
                                 0x32 (size before relaxing)
 .rodata.is_soundbox_network_connected.str1.1
                0x603343f3        0x8 .//build/MainApp/release/lib\libMainApp.a(connect_mqtt_soundbox_server.o)
 .rodata.mqtt_soundbox_processing.str1.1
                0x603343f3       0x21 .//build/MainApp/release/lib\libMainApp.a(connect_mqtt_soundbox_server.o)
                                 0x26 (size before relaxing)
 .rodata.mqtt_soundbox_thread.str1.1
                0x60334414       0x10 .//build/MainApp/release/lib\libMainApp.a(connect_mqtt_soundbox_server.o)
 .rodata.start_bcs_clear_timer.str1.1
                0x60334424       0x10 .//build/MainApp/release/lib\libMainApp.a(connect_mqtt_soundbox_server.o)
 .text          0x60334434        0x0 .//build/MainApp/release/lib\libMainApp.a(24_24_lcd.o)
 .rodata._16_24_eight
                0x60334434       0x30 .//build/MainApp/release/lib\libMainApp.a(24_24_lcd.o)
                0x60334434                _16_24_eight
 .rodata._16_24_five
                0x60334464       0x30 .//build/MainApp/release/lib\libMainApp.a(24_24_lcd.o)
                0x60334464                _16_24_five
 .rodata._16_24_four
                0x60334494       0x30 .//build/MainApp/release/lib\libMainApp.a(24_24_lcd.o)
                0x60334494                _16_24_four
 .rodata._16_24_nine
                0x603344c4       0x30 .//build/MainApp/release/lib\libMainApp.a(24_24_lcd.o)
                0x603344c4                _16_24_nine
 .rodata._16_24_one
                0x603344f4       0x30 .//build/MainApp/release/lib\libMainApp.a(24_24_lcd.o)
                0x603344f4                _16_24_one
 .rodata._16_24_point
                0x60334524       0x30 .//build/MainApp/release/lib\libMainApp.a(24_24_lcd.o)
                0x60334524                _16_24_point
 .rodata._16_24_seven
                0x60334554       0x30 .//build/MainApp/release/lib\libMainApp.a(24_24_lcd.o)
                0x60334554                _16_24_seven
 .rodata._16_24_six
                0x60334584       0x30 .//build/MainApp/release/lib\libMainApp.a(24_24_lcd.o)
                0x60334584                _16_24_six
 .rodata._16_24_three
                0x603345b4       0x30 .//build/MainApp/release/lib\libMainApp.a(24_24_lcd.o)
                0x603345b4                _16_24_three
 .rodata._16_24_two
                0x603345e4       0x30 .//build/MainApp/release/lib\libMainApp.a(24_24_lcd.o)
                0x603345e4                _16_24_two
 .rodata._16_24_zero
                0x60334614       0x30 .//build/MainApp/release/lib\libMainApp.a(24_24_lcd.o)
                0x60334614                _16_24_zero
 .rodata._32_24_bao
                0x60334644       0x60 .//build/MainApp/release/lib\libMainApp.a(24_24_lcd.o)
                0x60334644                _32_24_bao
 .rodata._32_24_fu
                0x603346a4       0x60 .//build/MainApp/release/lib\libMainApp.a(24_24_lcd.o)
                0x603346a4                _32_24_fu
 .rodata._32_24_kuan
                0x60334704       0x60 .//build/MainApp/release/lib\libMainApp.a(24_24_lcd.o)
                0x60334704                _32_24_kuan
 .rodata._32_24_shou
                0x60334764       0x60 .//build/MainApp/release/lib\libMainApp.a(24_24_lcd.o)
                0x60334764                _32_24_shou
 .rodata._32_24_wei
                0x603347c4       0x60 .//build/MainApp/release/lib\libMainApp.a(24_24_lcd.o)
                0x603347c4                _32_24_wei
 .rodata._32_24_xin
                0x60334824       0x60 .//build/MainApp/release/lib\libMainApp.a(24_24_lcd.o)
                0x60334824                _32_24_xin
 .rodata._32_24_yuan
                0x60334884       0x60 .//build/MainApp/release/lib\libMainApp.a(24_24_lcd.o)
                0x60334884                _32_24_yuan
 .rodata._32_24_zhi
                0x603348e4       0x60 .//build/MainApp/release/lib\libMainApp.a(24_24_lcd.o)
                0x603348e4                _32_24_zhi
 .text          0x60334944        0x0 .//build/MainApp/release/lib\libMainApp.a(led.o)
 .text.led_close
                0x60334944       0x12 .//build/MainApp/release/lib\libMainApp.a(led.o)
                0x60334944                led_close
 .text.led_blink_loop
                0x60334956       0x58 .//build/MainApp/release/lib\libMainApp.a(led.o)
                0x60334956                led_blink_loop
 .text.anfu_led1_on
                0x603349ae       0x16 .//build/MainApp/release/lib\libMainApp.a(led.o)
                0x603349ae                anfu_led1_on
 .text.anfu_led1_off
                0x603349c4       0x16 .//build/MainApp/release/lib\libMainApp.a(led.o)
                0x603349c4                anfu_led1_off
 .text.anfu_led2_on
                0x603349da       0x26 .//build/MainApp/release/lib\libMainApp.a(led.o)
                0x603349da                anfu_led2_on
 .text.anfu_led2_off
                0x60334a00       0x1e .//build/MainApp/release/lib\libMainApp.a(led.o)
                0x60334a00                anfu_led2_off
 .text.anfu_led_on
                0x60334a1e       0x36 .//build/MainApp/release/lib\libMainApp.a(led.o)
                0x60334a1e                anfu_led_on
 .text.anfu_led_off
                0x60334a54       0x2e .//build/MainApp/release/lib\libMainApp.a(led.o)
                0x60334a54                anfu_led_off
 .text          0x60334a82        0x0 .//build/MainApp/release/lib\libMainApp.a(app_qrcode.o)
 .text.app_qrcode_update_cb
                0x60334a82        0x2 .//build/MainApp/release/lib\libMainApp.a(app_qrcode.o)
 .text.app_start_statusbar_update
                0x60334a84       0x44 .//build/MainApp/release/lib\libMainApp.a(app_qrcode.o)
                0x60334a84                app_start_statusbar_update
 .text.app_display_time
                0x60334ac8       0x5c .//build/MainApp/release/lib\libMainApp.a(app_qrcode.o)
                0x60334ac8                app_display_time
 .text.app_display_statusbar
                0x60334b24       0xe0 .//build/MainApp/release/lib\libMainApp.a(app_qrcode.o)
                0x60334b24                app_display_statusbar
 .text.app_statusbar_update_cb
                0x60334c04        0x4 .//build/MainApp/release/lib\libMainApp.a(app_qrcode.o)
 .text.app_qrcode_update_handle
                0x60334c08       0xd4 .//build/MainApp/release/lib\libMainApp.a(app_qrcode.o)
                0x60334c08                app_qrcode_update_handle
 .text.app_start_qrcode_update
                0x60334cdc       0x40 .//build/MainApp/release/lib\libMainApp.a(app_qrcode.o)
                0x60334cdc                app_start_qrcode_update
 .text.app_qrcode_cfg_init
                0x60334d1c       0x8c .//build/MainApp/release/lib\libMainApp.a(app_qrcode.o)
                0x60334d1c                app_qrcode_cfg_init
 .rodata        0x60334da8       0x10 .//build/MainApp/release/lib\libMainApp.a(app_qrcode.o)
 .rodata.app_display_statusbar.str1.1
                0x60334db8        0x8 .//build/MainApp/release/lib\libMainApp.a(app_qrcode.o)
 .rodata.app_display_time.str1.1
                0x60334db8        0xa .//build/MainApp/release/lib\libMainApp.a(app_qrcode.o)
 .rodata.app_qrcode_update_handle.str1.1
                0x60334dc2       0x4d .//build/MainApp/release/lib\libMainApp.a(app_qrcode.o)
                                 0x5a (size before relaxing)
 .rodata.app_start_qrcode_update.str1.1
                0x60334e0f        0xe .//build/MainApp/release/lib\libMainApp.a(app_qrcode.o)
 .rodata.app_start_statusbar_update.str1.1
                0x60334e1d        0xf .//build/MainApp/release/lib\libMainApp.a(app_qrcode.o)
 .text          0x60334e2c        0x0 .//build/MainApp/release/lib\libMainApp.a(device.o)
 .text.set_restart_reason
                0x60334e2c       0x28 .//build/MainApp/release/lib\libMainApp.a(device.o)
                0x60334e2c                set_restart_reason
 .text.check_usb
                0x60334e54       0x3c .//build/MainApp/release/lib\libMainApp.a(device.o)
                0x60334e54                check_usb
 .text.get_mercury_version
                0x60334e90       0x60 .//build/MainApp/release/lib\libMainApp.a(device.o)
                0x60334e90                get_mercury_version
 .text.app_keypad_init
                0x60334ef0       0x20 .//build/MainApp/release/lib\libMainApp.a(device.o)
                0x60334ef0                app_keypad_init
 .rodata.get_mercury_version.str1.1
                0x60334f10       0x24 .//build/MainApp/release/lib\libMainApp.a(device.o)
 .text          0x60334f34        0x0 .//build/MainApp/release/lib\libMainApp.a(app_fota.o)
 .text.ota_thread
                0x60334f34      0x104 .//build/MainApp/release/lib\libMainApp.a(app_fota.o)
                0x60334f34                ota_thread
 .text._app_check_update_rsp_parse
                0x60335038      0x148 .//build/MainApp/release/lib\libMainApp.a(app_fota.o)
 .text._app_http_reqest
                0x60335180       0x90 .//build/MainApp/release/lib\libMainApp.a(app_fota.o)
                0x60335180                _app_http_reqest
 .text._app_http_reqest2
                0x60335210       0x90 .//build/MainApp/release/lib\libMainApp.a(app_fota.o)
                0x60335210                _app_http_reqest2
 .text.app_get_update_info
                0x603352a0       0xd8 .//build/MainApp/release/lib\libMainApp.a(app_fota.o)
                0x603352a0                app_get_update_info
 .text.check_upgrade_thread
                0x60335378        0x4 .//build/MainApp/release/lib\libMainApp.a(app_fota.o)
                0x60335378                check_upgrade_thread
 .text.aliyun_ota_cb
                0x6033537c      0x130 .//build/MainApp/release/lib\libMainApp.a(app_fota.o)
                0x6033537c                aliyun_ota_cb
 .text.report_update_result_aliyun
                0x603354ac      0x104 .//build/MainApp/release/lib\libMainApp.a(app_fota.o)
                0x603354ac                report_update_result_aliyun
 .rodata._app_check_update_rsp_parse.str1.1
                0x603355b0       0x23 .//build/MainApp/release/lib\libMainApp.a(app_fota.o)
                                 0x3c (size before relaxing)
 .rodata._app_http_reqest.str1.1
                0x603355d3        0xf .//build/MainApp/release/lib\libMainApp.a(app_fota.o)
 .rodata._app_http_reqest2.str1.1
                0x603355d3        0x8 .//build/MainApp/release/lib\libMainApp.a(app_fota.o)
 .rodata.aliyun_ota_cb.str1.1
                0x603355d3       0x16 .//build/MainApp/release/lib\libMainApp.a(app_fota.o)
                                 0x30 (size before relaxing)
 .rodata.app_get_update_info.str1.1
                0x603355e9       0x23 .//build/MainApp/release/lib\libMainApp.a(app_fota.o)
                                 0x5c (size before relaxing)
 .rodata.ota_thread.str1.1
                0x6033560c       0x17 .//build/MainApp/release/lib\libMainApp.a(app_fota.o)
                                 0x1e (size before relaxing)
 .rodata.report_update_result_aliyun.str1.1
                0x60335623       0x2f .//build/MainApp/release/lib\libMainApp.a(app_fota.o)
                                 0x3c (size before relaxing)
 .text          0x60335652        0x0 .//build/MainApp/release/lib\libMainApp.a(temp.o)
 *fill*         0x60335652        0x2 
 .text.play_audio_by_name.constprop.8
                0x60335654       0x3c .//build/MainApp/release/lib\libMainApp.a(temp.o)
 .text.set_audio_type
                0x60335690        0xc .//build/MainApp/release/lib\libMainApp.a(temp.o)
                0x60335690                set_audio_type
 .text.set_audio_type_int
                0x6033569c       0x34 .//build/MainApp/release/lib\libMainApp.a(temp.o)
                0x6033569c                set_audio_type_int
 .text.get_audio_type
                0x603356d0        0x8 .//build/MainApp/release/lib\libMainApp.a(temp.o)
                0x603356d0                get_audio_type
 .text.format_audio_file_name
                0x603356d8       0x20 .//build/MainApp/release/lib\libMainApp.a(temp.o)
                0x603356d8                format_audio_file_name
 .text.get_audio_file_name_byid
                0x603356f8       0x38 .//build/MainApp/release/lib\libMainApp.a(temp.o)
                0x603356f8                get_audio_file_name_byid
 .text.get_audio_file_name
                0x60335730        0xc .//build/MainApp/release/lib\libMainApp.a(temp.o)
                0x60335730                get_audio_file_name
 .text.get_unit_audio_file_name
                0x6033573c        0xc .//build/MainApp/release/lib\libMainApp.a(temp.o)
                0x6033573c                get_unit_audio_file_name
 .text.get_unit_audio_index
                0x60335748        0x2 .//build/MainApp/release/lib\libMainApp.a(temp.o)
                0x60335748                get_unit_audio_index
 *fill*         0x6033574a        0x2 
 .text.get_digit_audio_file_name
                0x6033574c       0x34 .//build/MainApp/release/lib\libMainApp.a(temp.o)
                0x6033574c                get_digit_audio_file_name
 .text.get_digit_audio_index
                0x60335780        0x2 .//build/MainApp/release/lib\libMainApp.a(temp.o)
                0x60335780                get_digit_audio_index
 .text.prefix_splitter
                0x60335782       0x18 .//build/MainApp/release/lib\libMainApp.a(temp.o)
                0x60335782                prefix_splitter
 .text.prefix_audio_file_name
                0x6033579a       0x3c .//build/MainApp/release/lib\libMainApp.a(temp.o)
                0x6033579a                prefix_audio_file_name
 .text.prefix_digit
                0x603357d6       0x26 .//build/MainApp/release/lib\libMainApp.a(temp.o)
                0x603357d6                prefix_digit
 .text.prefix_unit
                0x603357fc       0x28 .//build/MainApp/release/lib\libMainApp.a(temp.o)
                0x603357fc                prefix_unit
 .text.prefix_and
                0x60335824       0x1c .//build/MainApp/release/lib\libMainApp.a(temp.o)
                0x60335824                prefix_and
 .text.prefix_two_digits_audio_file
                0x60335840       0x34 .//build/MainApp/release/lib\libMainApp.a(temp.o)
                0x60335840                prefix_two_digits_audio_file
 .text.prefix_two_digits_audio_index
                0x60335874       0x22 .//build/MainApp/release/lib\libMainApp.a(temp.o)
                0x60335874                prefix_two_digits_audio_index
 .text.prefix_three_digits_audio_file
                0x60335896       0x46 .//build/MainApp/release/lib\libMainApp.a(temp.o)
                0x60335896                prefix_three_digits_audio_file
 .text.prefix_three_digits_audio_index
                0x603358dc       0x58 .//build/MainApp/release/lib\libMainApp.a(temp.o)
                0x603358dc                prefix_three_digits_audio_index
 .text.num_to_audio_files_list
                0x60335934       0x3a .//build/MainApp/release/lib\libMainApp.a(temp.o)
                0x60335934                num_to_audio_files_list
 *fill*         0x6033596e        0x2 
 .text.play_audio_by_name
                0x60335970       0x3c .//build/MainApp/release/lib\libMainApp.a(temp.o)
                0x60335970                play_audio_by_name
 .text.play_audio_header
                0x603359ac       0x34 .//build/MainApp/release/lib\libMainApp.a(temp.o)
                0x603359ac                play_audio_header
 .text.play_audio_otp_header
                0x603359e0       0x1c .//build/MainApp/release/lib\libMainApp.a(temp.o)
                0x603359e0                play_audio_otp_header
 .text.play_audio_footer
                0x603359fc       0x2c .//build/MainApp/release/lib\libMainApp.a(temp.o)
                0x603359fc                play_audio_footer
 .text.play_audio_units
                0x60335a28       0x48 .//build/MainApp/release/lib\libMainApp.a(temp.o)
                0x60335a28                play_audio_units
 .text.play_audio_num
                0x60335a70       0x48 .//build/MainApp/release/lib\libMainApp.a(temp.o)
                0x60335a70                play_audio_num
 .text.num_to_audio_999_by_name
                0x60335ab8       0x66 .//build/MainApp/release/lib\libMainApp.a(temp.o)
                0x60335ab8                num_to_audio_999_by_name
 *fill*         0x60335b1e        0x2 
 .text.INTEGER_to_audio_by_name
                0x60335b20       0xd8 .//build/MainApp/release/lib\libMainApp.a(temp.o)
                0x60335b20                INTEGER_to_audio_by_name
 .text.DECIMAL_to_audio_by_name
                0x60335bf8       0x2c .//build/MainApp/release/lib\libMainApp.a(temp.o)
                0x60335bf8                DECIMAL_to_audio_by_name
 .text.play_audio_confirmation_code
                0x60335c24       0x78 .//build/MainApp/release/lib\libMainApp.a(temp.o)
                0x60335c24                play_audio_confirmation_code
 .text.play_audio_serial_number
                0x60335c9c       0x54 .//build/MainApp/release/lib\libMainApp.a(temp.o)
                0x60335c9c                play_audio_serial_number
 .text.play_audio_full_amt
                0x60335cf0       0x64 .//build/MainApp/release/lib\libMainApp.a(temp.o)
                0x60335cf0                play_audio_full_amt
 .text.play_amount_mosambee
                0x60335d54      0x140 .//build/MainApp/release/lib\libMainApp.a(temp.o)
                0x60335d54                play_amount_mosambee
 .text.get_str_from_list
                0x60335e94       0x22 .//build/MainApp/release/lib\libMainApp.a(temp.o)
                0x60335e94                get_str_from_list
 .text.revstr   0x60335eb6       0x2c .//build/MainApp/release/lib\libMainApp.a(temp.o)
                0x60335eb6                revstr
 *fill*         0x60335ee2        0x2 
 .text.generatePassword
                0x60335ee4       0x48 .//build/MainApp/release/lib\libMainApp.a(temp.o)
                0x60335ee4                generatePassword
 .text.num_to_audio_index_array
                0x60335f2c       0x84 .//build/MainApp/release/lib\libMainApp.a(temp.o)
                0x60335f2c                num_to_audio_index_array
 .text.test_audio_array_conv
                0x60335fb0       0x16 .//build/MainApp/release/lib\libMainApp.a(temp.o)
                0x60335fb0                test_audio_array_conv
 .rodata.DECIMAL_to_audio_by_name.str1.1
                0x60335fc6        0xe .//build/MainApp/release/lib\libMainApp.a(temp.o)
 .rodata.INTEGER_to_audio_by_name.str1.1
                0x60335fd4       0x17 .//build/MainApp/release/lib\libMainApp.a(temp.o)
 .rodata.format_audio_file_name.str1.1
                0x60335feb        0xd .//build/MainApp/release/lib\libMainApp.a(temp.o)
 .rodata.generatePassword.str1.1
                0x60335ff8       0x10 .//build/MainApp/release/lib\libMainApp.a(temp.o)
 .rodata.get_unit_audio_file_name.str1.1
                0x60336008        0x1 .//build/MainApp/release/lib\libMainApp.a(temp.o)
 .rodata.play_amount_mosambee.str1.1
                0x60336008        0x8 .//build/MainApp/release/lib\libMainApp.a(temp.o)
                                 0x1f (size before relaxing)
 .rodata.play_audio_by_name.constprop.8.str1.1
                0x60336010        0xa .//build/MainApp/release/lib\libMainApp.a(temp.o)
                                 0x11 (size before relaxing)
 .rodata.play_audio_confirmation_code.str1.1
                0x6033601a       0x13 .//build/MainApp/release/lib\libMainApp.a(temp.o)
 .rodata.play_audio_footer.str1.1
                0x6033602d       0x11 .//build/MainApp/release/lib\libMainApp.a(temp.o)
 .rodata.play_audio_full_amt.str1.1
                0x6033603e        0xa .//build/MainApp/release/lib\libMainApp.a(temp.o)
 .rodata.play_audio_header.str1.1
                0x60336048       0x14 .//build/MainApp/release/lib\libMainApp.a(temp.o)
 .rodata.play_audio_num.str1.1
                0x6033605c        0xe .//build/MainApp/release/lib\libMainApp.a(temp.o)
 .rodata.play_audio_otp_header.str1.1
                0x6033606a        0xc .//build/MainApp/release/lib\libMainApp.a(temp.o)
 .rodata.play_audio_serial_number.str1.1
                0x60336076        0x4 .//build/MainApp/release/lib\libMainApp.a(temp.o)
 .rodata.play_audio_units.str1.1
                0x6033607a       0x10 .//build/MainApp/release/lib\libMainApp.a(temp.o)
 .rodata.set_audio_type_int.str1.1
                0x6033608a        0xf .//build/MainApp/release/lib\libMainApp.a(temp.o)
 .text          0x60336099        0x0 .//build/MainApp/release/lib\libMainApp.a(app_audio.o)
 *fill*         0x60336099        0x1 
 .text.get_nv_audio_data_len
                0x6033609a        0x8 .//build/MainApp/release/lib\libMainApp.a(app_audio.o)
                0x6033609a                get_nv_audio_data_len
 .text.get_audio_fileId
                0x603360a2        0x2 .//build/MainApp/release/lib\libMainApp.a(app_audio.o)
                0x603360a2                get_audio_fileId
 .text.app_get_audio_type
                0x603360a4        0x4 .//build/MainApp/release/lib\libMainApp.a(app_audio.o)
                0x603360a4                app_get_audio_type
 .text.app_audio_play_file
                0x603360a8       0x22 .//build/MainApp/release/lib\libMainApp.a(app_audio.o)
                0x603360a8                app_audio_play_file
 .text.app_audio_tts_callback
                0x603360ca        0x4 .//build/MainApp/release/lib\libMainApp.a(app_audio.o)
                0x603360ca                app_audio_tts_callback
 .text.app_audio_amr_callback
                0x603360ce        0xa .//build/MainApp/release/lib\libMainApp.a(app_audio.o)
                0x603360ce                app_audio_amr_callback
 .text.app_audio_mp3_callback
                0x603360d8        0xa .//build/MainApp/release/lib\libMainApp.a(app_audio.o)
                0x603360d8                app_audio_mp3_callback
 .text.app_audio_play
                0x603360e2        0x2 .//build/MainApp/release/lib\libMainApp.a(app_audio.o)
                0x603360e2                app_audio_play
 .text.app_play_error_code
                0x603360e4        0x2 .//build/MainApp/release/lib\libMainApp.a(app_audio.o)
                0x603360e4                app_play_error_code
 *fill*         0x603360e6        0x2 
 .text.start_audio_upgrade_thread
                0x603360e8       0x24 .//build/MainApp/release/lib\libMainApp.a(app_audio.o)
                0x603360e8                start_audio_upgrade_thread
 .text.app_audio_get_file_info
                0x6033610c       0xcc .//build/MainApp/release/lib\libMainApp.a(app_audio.o)
                0x6033610c                app_audio_get_file_info
 .text.app_audio_get_file_data
                0x603361d8      0x10c .//build/MainApp/release/lib\libMainApp.a(app_audio.o)
                0x603361d8                app_audio_get_file_data
 .text.app_audio_download_from_server
                0x603362e4      0x144 .//build/MainApp/release/lib\libMainApp.a(app_audio.o)
                0x603362e4                app_audio_download_from_server
 .text.app_audio_get_list_from_server
                0x60336428       0xd8 .//build/MainApp/release/lib\libMainApp.a(app_audio.o)
                0x60336428                app_audio_get_list_from_server
 .text.app_audio_check_update
                0x60336500      0x16c .//build/MainApp/release/lib\libMainApp.a(app_audio.o)
                0x60336500                app_audio_check_update
 .rodata.app_audio_check_update.str1.1
                0x6033666c       0x45 .//build/MainApp/release/lib\libMainApp.a(app_audio.o)
                                 0x56 (size before relaxing)
 .rodata.app_audio_download_from_server.str1.1
                0x603366b1       0x17 .//build/MainApp/release/lib\libMainApp.a(app_audio.o)
 .rodata.app_audio_get_file_data.str1.1
                0x603366c8       0x5c .//build/MainApp/release/lib\libMainApp.a(app_audio.o)
                                 0x73 (size before relaxing)
 .rodata.app_audio_get_file_info.str1.1
                0x60336724       0x5c .//build/MainApp/release/lib\libMainApp.a(app_audio.o)
                                 0x82 (size before relaxing)
 .rodata.app_audio_get_list_from_server.str1.1
                0x60336780       0x39 .//build/MainApp/release/lib\libMainApp.a(app_audio.o)
                                 0x40 (size before relaxing)
 *fill*         0x603367b9        0x3 
 .rodata.g_audioErrTbl
                0x603367bc       0x68 .//build/MainApp/release/lib\libMainApp.a(app_audio.o)
                0x603367bc                g_audioErrTbl
 .rodata.g_audioMapTbl
                0x60336824        0xc .//build/MainApp/release/lib\libMainApp.a(app_audio.o)
                0x60336824                g_audioMapTbl
 .rodata.str1.1
                0x60336830      0x180 .//build/MainApp/release/lib\libMainApp.a(app_audio.o)
                                0x195 (size before relaxing)
 .text          0x603369b0        0x0 .//build/MainApp/release/lib\libMainApp.a(global.o)
 .text          0x603369b0        0x0 .//build/MainApp/release/lib\libMainApp.a(data_parser.o)
 .text.calculate_CRC_16
                0x603369b0       0x40 .//build/MainApp/release/lib\libMainApp.a(data_parser.o)
                0x603369b0                calculate_CRC_16
 .text.parseTxnDetails_new
                0x603369f0      0x148 .//build/MainApp/release/lib\libMainApp.a(data_parser.o)
                0x603369f0                parseTxnDetails_new
 .text.parseRegisterDeviceResponse
                0x60336b38      0x240 .//build/MainApp/release/lib\libMainApp.a(data_parser.o)
                0x60336b38                parseRegisterDeviceResponse
 .text.createJsonForDeviceRegistration
                0x60336d78      0x23c .//build/MainApp/release/lib\libMainApp.a(data_parser.o)
                0x60336d78                createJsonForDeviceRegistration
 .rodata.createJsonForDeviceRegistration.str1.1
                0x60336fb4       0xd3 .//build/MainApp/release/lib\libMainApp.a(data_parser.o)
                                 0xf6 (size before relaxing)
 .rodata.parseRegisterDeviceResponse.str1.1
                0x60337087       0x6f .//build/MainApp/release/lib\libMainApp.a(data_parser.o)
                                 0x80 (size before relaxing)
 .rodata.parseTxnDetails_new.str1.1
                0x603370f6       0x67 .//build/MainApp/release/lib\libMainApp.a(data_parser.o)
                                 0x80 (size before relaxing)
 .text          0x6033715d        0x0 .//build/MainApp/release/lib\libMainApp.a(app_power.o)
 *fill*         0x6033715d        0x1 
 .text._app_charger_out_notify
                0x6033715e        0xc .//build/MainApp/release/lib\libMainApp.a(app_power.o)
 *fill*         0x6033716a        0x2 
 .text._app_charger_in_notify
                0x6033716c       0x18 .//build/MainApp/release/lib\libMainApp.a(app_power.o)
 .text.qyy_led_charge_control
                0x60337184       0x18 .//build/MainApp/release/lib\libMainApp.a(app_power.o)
                0x60337184                qyy_led_charge_control
 .text.batlow_poweroff
                0x6033719c       0x24 .//build/MainApp/release/lib\libMainApp.a(app_power.o)
                0x6033719c                batlow_poweroff
 .text.batlow_warning
                0x603371c0        0xc .//build/MainApp/release/lib\libMainApp.a(app_power.o)
                0x603371c0                batlow_warning
 .text.app_poweron_check_battery
                0x603371cc       0x40 .//build/MainApp/release/lib\libMainApp.a(app_power.o)
                0x603371cc                app_poweron_check_battery
 .text.app_check_low_power
                0x6033720c       0x60 .//build/MainApp/release/lib\libMainApp.a(app_power.o)
                0x6033720c                app_check_low_power
 .text.app_power_monitor_cb
                0x6033726c       0x34 .//build/MainApp/release/lib\libMainApp.a(app_power.o)
 .text.app_start_power_monitor
                0x603372a0       0x84 .//build/MainApp/release/lib\libMainApp.a(app_power.o)
                0x603372a0                app_start_power_monitor
 .text.PowerOffRebootDevice
                0x60337324       0x7c .//build/MainApp/release/lib\libMainApp.a(app_power.o)
                0x60337324                PowerOffRebootDevice
 .rodata        0x603373a0        0xc .//build/MainApp/release/lib\libMainApp.a(app_power.o)
 .rodata.PowerOffRebootDevice.str1.1
                0x603373ac        0x5 .//build/MainApp/release/lib\libMainApp.a(app_power.o)
 .rodata._app_charger_in_notify.str1.1
                0x603373ac        0x5 .//build/MainApp/release/lib\libMainApp.a(app_power.o)
 .rodata.app_start_power_monitor.str1.1
                0x603373b1       0x3d .//build/MainApp/release/lib\libMainApp.a(app_power.o)
 .rodata.batlow_poweroff.str1.1
                0x603373ee        0x5 .//build/MainApp/release/lib\libMainApp.a(app_power.o)
 .rodata.batlow_warning.str1.1
                0x603373f3        0x5 .//build/MainApp/release/lib\libMainApp.a(app_power.o)
 .text          0x603373f8      0x2b0 .//prebuilts/win32/gcc-arm-none-eabi/lib/gcc/arm-none-eabi/7.2.1\libgcc.a(_divsi3.o)
                0x603373f8                __divsi3
                0x603373f8                __aeabi_idiv
                0x6033768c                __aeabi_idivmod
 .text          0x603376a8        0x4 .//prebuilts/win32/gcc-arm-none-eabi/lib/gcc/arm-none-eabi/7.2.1\libgcc.a(_dvmd_tls.o)
                0x603376a8                __aeabi_idiv0
                0x603376a8                __aeabi_ldiv0
 .text          0x603376ac        0x0 ./SysLib/MercuryPlat/release/libsystem.a(MercuryAudio.o)
 .text.AudioSetChannel
                0x603376ac       0x2c ./SysLib/MercuryPlat/release/libsystem.a(MercuryAudio.o)
                0x603376ac                AudioSetChannel
 .text.AudioGetChannel
                0x603376d8        0xc ./SysLib/MercuryPlat/release/libsystem.a(MercuryAudio.o)
                0x603376d8                AudioGetChannel
 .text.AudioSetVolume
                0x603376e4       0x30 ./SysLib/MercuryPlat/release/libsystem.a(MercuryAudio.o)
                0x603376e4                AudioSetVolume
 .text.AudioGetVolume
                0x60337714        0xc ./SysLib/MercuryPlat/release/libsystem.a(MercuryAudio.o)
                0x60337714                AudioGetVolume
 .text.AudioDtmfPlay
                0x60337720        0xc ./SysLib/MercuryPlat/release/libsystem.a(MercuryAudio.o)
                0x60337720                AudioDtmfPlay
 .text.AudioDtmfAbort
                0x6033772c        0xc ./SysLib/MercuryPlat/release/libsystem.a(MercuryAudio.o)
                0x6033772c                AudioDtmfAbort
 .text.AudioDtmfVolume
                0x60337738        0xc ./SysLib/MercuryPlat/release/libsystem.a(MercuryAudio.o)
                0x60337738                AudioDtmfVolume
 .text.AudioSingleTonePlay
                0x60337744        0xc ./SysLib/MercuryPlat/release/libsystem.a(MercuryAudio.o)
                0x60337744                AudioSingleTonePlay
 .text.AudioSingleToneAbort
                0x60337750        0xc ./SysLib/MercuryPlat/release/libsystem.a(MercuryAudio.o)
                0x60337750                AudioSingleToneAbort
 .text.AudioSingleToneVolume
                0x6033775c        0xc ./SysLib/MercuryPlat/release/libsystem.a(MercuryAudio.o)
                0x6033775c                AudioSingleToneVolume
 .text.AudioSetPaType
                0x60337768       0x18 ./SysLib/MercuryPlat/release/libsystem.a(MercuryAudio.o)
                0x60337768                AudioSetPaType
 .text.AudioGetPaType
                0x60337780        0xc ./SysLib/MercuryPlat/release/libsystem.a(MercuryAudio.o)
                0x60337780                AudioGetPaType
 .text.AudioSetExtPA
                0x6033778c       0x10 ./SysLib/MercuryPlat/release/libsystem.a(MercuryAudio.o)
                0x6033778c                AudioSetExtPA
 .text.AudioRecordStart
                0x6033779c       0x18 ./SysLib/MercuryPlat/release/libsystem.a(MercuryAudio.o)
                0x6033779c                AudioRecordStart
 .text.AudioRecordStop
                0x603377b4       0x10 ./SysLib/MercuryPlat/release/libsystem.a(MercuryAudio.o)
                0x603377b4                AudioRecordStop
 .text.AudioRecordPause
                0x603377c4       0x10 ./SysLib/MercuryPlat/release/libsystem.a(MercuryAudio.o)
                0x603377c4                AudioRecordPause
 .text.AudioRecordResume
                0x603377d4       0x10 ./SysLib/MercuryPlat/release/libsystem.a(MercuryAudio.o)
                0x603377d4                AudioRecordResume
 .text.AudioPoCStart
                0x603377e4       0x10 ./SysLib/MercuryPlat/release/libsystem.a(MercuryAudio.o)
                0x603377e4                AudioPoCStart
 .text.AudioPoCStop
                0x603377f4       0x10 ./SysLib/MercuryPlat/release/libsystem.a(MercuryAudio.o)
                0x603377f4                AudioPoCStop
 .text.AudioPoCHalfModeSwitch
                0x60337804       0x10 ./SysLib/MercuryPlat/release/libsystem.a(MercuryAudio.o)
                0x60337804                AudioPoCHalfModeSwitch
 .text.AudioPoCFillData
                0x60337814       0x10 ./SysLib/MercuryPlat/release/libsystem.a(MercuryAudio.o)
                0x60337814                AudioPoCFillData
 .text.AudioPoCReadData
                0x60337824       0x10 ./SysLib/MercuryPlat/release/libsystem.a(MercuryAudio.o)
                0x60337824                AudioPoCReadData
 .text.AudioSetExtPADelay
                0x60337834       0x10 ./SysLib/MercuryPlat/release/libsystem.a(MercuryAudio.o)
                0x60337834                AudioSetExtPADelay
 .text          0x60337844        0x0 ./SysLib/MercuryPlat/release/libsystem.a(MercuryBattery.o)
 .text.BatteryGetStatus
                0x60337844        0xc ./SysLib/MercuryPlat/release/libsystem.a(MercuryBattery.o)
                0x60337844                BatteryGetStatus
 .text          0x60337850        0x0 ./SysLib/MercuryPlat/release/libsystem.a(MercuryFile.o)
 .text.InitFileSystem
                0x60337850       0x30 ./SysLib/MercuryPlat/release/libsystem.a(MercuryFile.o)
                0x60337850                InitFileSystem
 .text.InitFileSystemPlus
                0x60337880       0x38 ./SysLib/MercuryPlat/release/libsystem.a(MercuryFile.o)
                0x60337880                InitFileSystemPlus
 .text.UnInitFileSystem
                0x603378b8       0x24 ./SysLib/MercuryPlat/release/libsystem.a(MercuryFile.o)
                0x603378b8                UnInitFileSystem
 .text.CreateDirectory
                0x603378dc       0x2c ./SysLib/MercuryPlat/release/libsystem.a(MercuryFile.o)
                0x603378dc                CreateDirectory
 .text.DeleteDirectory
                0x60337908       0x2c ./SysLib/MercuryPlat/release/libsystem.a(MercuryFile.o)
                0x60337908                DeleteDirectory
 .text.CreateFile
                0x60337934       0x24 ./SysLib/MercuryPlat/release/libsystem.a(MercuryFile.o)
                0x60337934                CreateFile
 .text.DeleteFile
                0x60337958       0x2c ./SysLib/MercuryPlat/release/libsystem.a(MercuryFile.o)
                0x60337958                DeleteFile
 .text.FindFirstFile
                0x60337984       0x20 ./SysLib/MercuryPlat/release/libsystem.a(MercuryFile.o)
                0x60337984                FindFirstFile
 .text.FindNextFile
                0x603379a4       0x2c ./SysLib/MercuryPlat/release/libsystem.a(MercuryFile.o)
                0x603379a4                FindNextFile
 .text.FindClose
                0x603379d0       0x2c ./SysLib/MercuryPlat/release/libsystem.a(MercuryFile.o)
                0x603379d0                FindClose
 .text.FlushFileBuffers
                0x603379fc       0x34 ./SysLib/MercuryPlat/release/libsystem.a(MercuryFile.o)
                0x603379fc                FlushFileBuffers
 .text.GetFileSize
                0x60337a30       0x20 ./SysLib/MercuryPlat/release/libsystem.a(MercuryFile.o)
                0x60337a30                GetFileSize
 .text.RenameFile
                0x60337a50       0x2c ./SysLib/MercuryPlat/release/libsystem.a(MercuryFile.o)
                0x60337a50                RenameFile
 .text.SetFileSize
                0x60337a7c       0x2c ./SysLib/MercuryPlat/release/libsystem.a(MercuryFile.o)
                0x60337a7c                SetFileSize
 .text.GetFilePointer
                0x60337aa8       0x34 ./SysLib/MercuryPlat/release/libsystem.a(MercuryFile.o)
                0x60337aa8                GetFilePointer
 .text.ReadFile
                0x60337adc       0x34 ./SysLib/MercuryPlat/release/libsystem.a(MercuryFile.o)
                0x60337adc                ReadFile
 .text.SetFilePointer
                0x60337b10       0x88 ./SysLib/MercuryPlat/release/libsystem.a(MercuryFile.o)
                0x60337b10                SetFilePointer
 .text.WriteFile
                0x60337b98       0x34 ./SysLib/MercuryPlat/release/libsystem.a(MercuryFile.o)
                0x60337b98                WriteFile
 .text.CloseHandle
                0x60337bcc       0x2c ./SysLib/MercuryPlat/release/libsystem.a(MercuryFile.o)
                0x60337bcc                CloseHandle
 .text.FomatDisk
                0x60337bf8       0x18 ./SysLib/MercuryPlat/release/libsystem.a(MercuryFile.o)
                0x60337bf8                FomatDisk
 .text.GetDeviceFreeSpace
                0x60337c10       0x2c ./SysLib/MercuryPlat/release/libsystem.a(MercuryFile.o)
                0x60337c10                GetDeviceFreeSpace
 .text.GetDeviceUsedSpace
                0x60337c3c       0x2c ./SysLib/MercuryPlat/release/libsystem.a(MercuryFile.o)
                0x60337c3c                GetDeviceUsedSpace
 .text.InitFileSystemPlusAndPoint
                0x60337c68       0x38 ./SysLib/MercuryPlat/release/libsystem.a(MercuryFile.o)
                0x60337c68                InitFileSystemPlusAndPoint
 .text.FomatDisk_Point
                0x60337ca0       0x18 ./SysLib/MercuryPlat/release/libsystem.a(MercuryFile.o)
                0x60337ca0                FomatDisk_Point
 .text.GetDeviceFreeSpace_Point
                0x60337cb8       0x2c ./SysLib/MercuryPlat/release/libsystem.a(MercuryFile.o)
                0x60337cb8                GetDeviceFreeSpace_Point
 .text.GetDeviceUsedSpace_Point
                0x60337ce4       0x2c ./SysLib/MercuryPlat/release/libsystem.a(MercuryFile.o)
                0x60337ce4                GetDeviceUsedSpace_Point
 .text.FindFirstFile_Point
                0x60337d10       0x20 ./SysLib/MercuryPlat/release/libsystem.a(MercuryFile.o)
                0x60337d10                FindFirstFile_Point
 .text.Format_AllPoint
                0x60337d30        0xc ./SysLib/MercuryPlat/release/libsystem.a(MercuryFile.o)
                0x60337d30                Format_AllPoint
 .text.FileSpi_Config
                0x60337d3c       0x14 ./SysLib/MercuryPlat/release/libsystem.a(MercuryFile.o)
                0x60337d3c                FileSpi_Config
 .text.SetFlashChipData
                0x60337d50       0x14 ./SysLib/MercuryPlat/release/libsystem.a(MercuryFile.o)
                0x60337d50                SetFlashChipData
 .text.GetFileSpi_Config
                0x60337d64       0x14 ./SysLib/MercuryPlat/release/libsystem.a(MercuryFile.o)
                0x60337d64                GetFileSpi_Config
 .text          0x60337d78        0x0 ./SysLib/MercuryPlat/release/libsystem.a(MercuryFota.o)
 .text.FOTA_Init
                0x60337d78       0x18 ./SysLib/MercuryPlat/release/libsystem.a(MercuryFota.o)
                0x60337d78                FOTA_Init
 .text.FOTA_ImgInfoSet
                0x60337d90       0x40 ./SysLib/MercuryPlat/release/libsystem.a(MercuryFota.o)
                0x60337d90                FOTA_ImgInfoSet
 .text.FOTA_WroteLenGet
                0x60337dd0       0x2c ./SysLib/MercuryPlat/release/libsystem.a(MercuryFota.o)
                0x60337dd0                FOTA_WroteLenGet
 .text.FOTA_FlashWrite
                0x60337dfc       0x44 ./SysLib/MercuryPlat/release/libsystem.a(MercuryFota.o)
                0x60337dfc                FOTA_FlashWrite
 .text.FOTA_FlashRead
                0x60337e40       0x44 ./SysLib/MercuryPlat/release/libsystem.a(MercuryFota.o)
                0x60337e40                FOTA_FlashRead
 .text.APP_FlashWrite
                0x60337e84        0xc ./SysLib/MercuryPlat/release/libsystem.a(MercuryFota.o)
                0x60337e84                APP_FlashWrite
 .text.APP_FlashErase
                0x60337e90        0xc ./SysLib/MercuryPlat/release/libsystem.a(MercuryFota.o)
                0x60337e90                APP_FlashErase
 .text.APP_FlashRead
                0x60337e9c        0xc ./SysLib/MercuryPlat/release/libsystem.a(MercuryFota.o)
                0x60337e9c                APP_FlashRead
 .text.FOTA_RawDataInfoSet
                0x60337ea8       0x14 ./SysLib/MercuryPlat/release/libsystem.a(MercuryFota.o)
                0x60337ea8                FOTA_RawDataInfoSet
 .text.FOTA_RawDataClear
                0x60337ebc        0xc ./SysLib/MercuryPlat/release/libsystem.a(MercuryFota.o)
                0x60337ebc                FOTA_RawDataClear
 .text.LOGO_FlashWrite
                0x60337ec8        0xc ./SysLib/MercuryPlat/release/libsystem.a(MercuryFota.o)
                0x60337ec8                LOGO_FlashWrite
 .text.LOGO_FlashErase
                0x60337ed4        0xc ./SysLib/MercuryPlat/release/libsystem.a(MercuryFota.o)
                0x60337ed4                LOGO_FlashErase
 .text.LOGO_FlashRead
                0x60337ee0        0xc ./SysLib/MercuryPlat/release/libsystem.a(MercuryFota.o)
                0x60337ee0                LOGO_FlashRead
 .text.APP_FlashWriteExt
                0x60337eec        0xc ./SysLib/MercuryPlat/release/libsystem.a(MercuryFota.o)
                0x60337eec                APP_FlashWriteExt
 .text.APP_FlashEraseExt
                0x60337ef8        0xc ./SysLib/MercuryPlat/release/libsystem.a(MercuryFota.o)
                0x60337ef8                APP_FlashEraseExt
 .text.APP_FlashReadExt
                0x60337f04        0xc ./SysLib/MercuryPlat/release/libsystem.a(MercuryFota.o)
                0x60337f04                APP_FlashReadExt
 .text.FotaUpgrade_Init
                0x60337f10        0xc ./SysLib/MercuryPlat/release/libsystem.a(MercuryFota.o)
                0x60337f10                FotaUpgrade_Init
 .text.FotaUpgrade_Deinit
                0x60337f1c        0xc ./SysLib/MercuryPlat/release/libsystem.a(MercuryFota.o)
                0x60337f1c                FotaUpgrade_Deinit
 .text.FotaUpgrade_Write
                0x60337f28        0xc ./SysLib/MercuryPlat/release/libsystem.a(MercuryFota.o)
                0x60337f28                FotaUpgrade_Write
 .text.FotaUpgrade_Read
                0x60337f34        0xc ./SysLib/MercuryPlat/release/libsystem.a(MercuryFota.o)
                0x60337f34                FotaUpgrade_Read
 .text.FotaUpgradeLen
                0x60337f40        0xc ./SysLib/MercuryPlat/release/libsystem.a(MercuryFota.o)
                0x60337f40                FotaUpgradeLen
 .text.FotaUpgrade_Start
                0x60337f4c        0xc ./SysLib/MercuryPlat/release/libsystem.a(MercuryFota.o)
                0x60337f4c                FotaUpgrade_Start
 .text.FotaUpgrade_GetSpace
                0x60337f58        0xc ./SysLib/MercuryPlat/release/libsystem.a(MercuryFota.o)
                0x60337f58                FotaUpgrade_GetSpace
 .text.FotaSetUpdateTip
                0x60337f64       0x24 ./SysLib/MercuryPlat/release/libsystem.a(MercuryFota.o)
                0x60337f64                FotaSetUpdateTip
 .text.QspiFlashRead
                0x60337f88       0x24 ./SysLib/MercuryPlat/release/libsystem.a(MercuryFota.o)
                0x60337f88                QspiFlashRead
 .text.QspiFlashWrite
                0x60337fac       0x24 ./SysLib/MercuryPlat/release/libsystem.a(MercuryFota.o)
                0x60337fac                QspiFlashWrite
 .text.QspiFlashErase
                0x60337fd0       0x10 ./SysLib/MercuryPlat/release/libsystem.a(MercuryFota.o)
                0x60337fd0                QspiFlashErase
 .text.QspiFlashInit
                0x60337fe0       0x10 ./SysLib/MercuryPlat/release/libsystem.a(MercuryFota.o)
                0x60337fe0                QspiFlashInit
 .text          0x60337ff0        0x0 ./SysLib/MercuryPlat/release/libsystem.a(MercuryGpio.o)
 .text.GIO_Init
                0x60337ff0       0x1c ./SysLib/MercuryPlat/release/libsystem.a(MercuryGpio.o)
                0x60337ff0                GIO_Init
 .text.GIO_Deinit
                0x6033800c       0x1c ./SysLib/MercuryPlat/release/libsystem.a(MercuryGpio.o)
                0x6033800c                GIO_Deinit
 .text.GIO_SetBit
                0x60338028       0x1c ./SysLib/MercuryPlat/release/libsystem.a(MercuryGpio.o)
                0x60338028                GIO_SetBit
 .text.GIO_ClrBit
                0x60338044       0x1c ./SysLib/MercuryPlat/release/libsystem.a(MercuryGpio.o)
                0x60338044                GIO_ClrBit
 .text.GIO_GetBit
                0x60338060       0x20 ./SysLib/MercuryPlat/release/libsystem.a(MercuryGpio.o)
                0x60338060                GIO_GetBit
 .text.GIO_SetMode
                0x60338080       0x1c ./SysLib/MercuryPlat/release/libsystem.a(MercuryGpio.o)
                0x60338080                GIO_SetMode
 .text.GIO_TestMode
                0x6033809c        0xc ./SysLib/MercuryPlat/release/libsystem.a(MercuryGpio.o)
                0x6033809c                GIO_TestMode
 .text.MercuryPinSetGpio
                0x603380a8        0xc ./SysLib/MercuryPlat/release/libsystem.a(MercuryGpio.o)
                0x603380a8                MercuryPinSetGpio
 .text.PAD_SetDriving
                0x603380b4        0xc ./SysLib/MercuryPlat/release/libsystem.a(MercuryGpio.o)
                0x603380b4                PAD_SetDriving
 .text.PAD_SetPull
                0x603380c0        0xc ./SysLib/MercuryPlat/release/libsystem.a(MercuryGpio.o)
                0x603380c0                PAD_SetPull
 .text.PAD_SetInout
                0x603380cc       0x10 ./SysLib/MercuryPlat/release/libsystem.a(MercuryGpio.o)
                0x603380cc                PAD_SetInout
 .text.MC_GIO_GetPads
                0x603380dc        0xc ./SysLib/MercuryPlat/release/libsystem.a(MercuryGpio.o)
                0x603380dc                MC_GIO_GetPads
 .text.MC_GIO_PmicIntrSwitch
                0x603380e8        0xc ./SysLib/MercuryPlat/release/libsystem.a(MercuryGpio.o)
                0x603380e8                MC_GIO_PmicIntrSwitch
 .text.GIO_SetFastIsrMode
                0x603380f4       0x10 ./SysLib/MercuryPlat/release/libsystem.a(MercuryGpio.o)
                0x603380f4                GIO_SetFastIsrMode
 .text.GIO_SetPowerDomainLevel
                0x60338104       0x28 ./SysLib/MercuryPlat/release/libsystem.a(MercuryGpio.o)
                0x60338104                GIO_SetPowerDomainLevel
 .text.GIO_SetIntrMode
                0x6033812c       0x10 ./SysLib/MercuryPlat/release/libsystem.a(MercuryGpio.o)
                0x6033812c                GIO_SetIntrMode
 .text.GIO_SetIntThreadPriority
                0x6033813c       0x10 ./SysLib/MercuryPlat/release/libsystem.a(MercuryGpio.o)
                0x6033813c                GIO_SetIntThreadPriority
 .text          0x6033814c        0x0 ./SysLib/MercuryPlat/release/libsystem.a(MercuryGraphics.o)
 .text.DisplayInit
                0x6033814c       0x20 ./SysLib/MercuryPlat/release/libsystem.a(MercuryGraphics.o)
                0x6033814c                DisplayInit
 .text.DisplayMutilInit
                0x6033816c       0x20 ./SysLib/MercuryPlat/release/libsystem.a(MercuryGraphics.o)
                0x6033816c                DisplayMutilInit
 .text.DisplayInitCustLCD
                0x6033818c       0x20 ./SysLib/MercuryPlat/release/libsystem.a(MercuryGraphics.o)
                0x6033818c                DisplayInitCustLCD
 .text.DisplayDeinit
                0x603381ac       0x18 ./SysLib/MercuryPlat/release/libsystem.a(MercuryGraphics.o)
                0x603381ac                DisplayDeinit
 .text.DisplayString
                0x603381c4       0x1c ./SysLib/MercuryPlat/release/libsystem.a(MercuryGraphics.o)
                0x603381c4                DisplayString
 .text.DisplayHorizLine
                0x603381e0       0x28 ./SysLib/MercuryPlat/release/libsystem.a(MercuryGraphics.o)
                0x603381e0                DisplayHorizLine
 .text.DisplayVertiLine
                0x60338208       0x2c ./SysLib/MercuryPlat/release/libsystem.a(MercuryGraphics.o)
                0x60338208                DisplayVertiLine
 .text.DisplayGetMode
                0x60338234       0x1c ./SysLib/MercuryPlat/release/libsystem.a(MercuryGraphics.o)
                0x60338234                DisplayGetMode
 .text.DisplayBitMap
                0x60338250       0x1c ./SysLib/MercuryPlat/release/libsystem.a(MercuryGraphics.o)
                0x60338250                DisplayBitMap
 .text.DisplayBitMapGet
                0x6033826c       0x1c ./SysLib/MercuryPlat/release/libsystem.a(MercuryGraphics.o)
                0x6033826c                DisplayBitMapGet
 .text.DisplaySetColor
                0x60338288       0x1c ./SysLib/MercuryPlat/release/libsystem.a(MercuryGraphics.o)
                0x60338288                DisplaySetColor
 .text.DisplayClearScreen
                0x603382a4       0x1c ./SysLib/MercuryPlat/release/libsystem.a(MercuryGraphics.o)
                0x603382a4                DisplayClearScreen
 .text.DisplayGetDirection
                0x603382c0       0x1c ./SysLib/MercuryPlat/release/libsystem.a(MercuryGraphics.o)
                0x603382c0                DisplayGetDirection
 .text.DisplaySetDirection
                0x603382dc       0x1c ./SysLib/MercuryPlat/release/libsystem.a(MercuryGraphics.o)
                0x603382dc                DisplaySetDirection
 .text.DisplaySetBrightness
                0x603382f8       0x1c ./SysLib/MercuryPlat/release/libsystem.a(MercuryGraphics.o)
                0x603382f8                DisplaySetBrightness
 .text.DisplaySetScreenOffTimeout
                0x60338314       0x1c ./SysLib/MercuryPlat/release/libsystem.a(MercuryGraphics.o)
                0x60338314                DisplaySetScreenOffTimeout
 .text.DisplayScreenOn
                0x60338330       0x1c ./SysLib/MercuryPlat/release/libsystem.a(MercuryGraphics.o)
                0x60338330                DisplayScreenOn
 .text.DisplayTransparentString
                0x6033834c       0x1c ./SysLib/MercuryPlat/release/libsystem.a(MercuryGraphics.o)
                0x6033834c                DisplayTransparentString
 .text.DisplayRLE_BMP
                0x60338368       0x1c ./SysLib/MercuryPlat/release/libsystem.a(MercuryGraphics.o)
                0x60338368                DisplayRLE_BMP
 .text.DisplayPaintEnd
                0x60338384       0x1c ./SysLib/MercuryPlat/release/libsystem.a(MercuryGraphics.o)
                0x60338384                DisplayPaintEnd
 .text.DisplayLineRGB565
                0x603383a0       0x28 ./SysLib/MercuryPlat/release/libsystem.a(MercuryGraphics.o)
                0x603383a0                DisplayLineRGB565
 .text.LCD_SetColorRGB565
                0x603383c8       0x1c ./SysLib/MercuryPlat/release/libsystem.a(MercuryGraphics.o)
                0x603383c8                LCD_SetColorRGB565
 .text.DisplayPointRGB565
                0x603383e4       0x1c ./SysLib/MercuryPlat/release/libsystem.a(MercuryGraphics.o)
                0x603383e4                DisplayPointRGB565
 .text.DisplayGetRGB565